Archive member included to satisfy reference by file (symbol)

C:/ST/STM32CubeIDE_1.19.0/STM32CubeIDE/plugins/com.st.stm32cube.ide.mcu.externaltools.gnu-tools-for-stm32.13.3.rel1.win32_1.0.0.202411081344/tools/bin/../lib/gcc/arm-none-eabi/13.3.1/../../../../arm-none-eabi/lib/thumb/v7e-m+fp/hard\libc_nano.a(libc_a-atoi.o)
                              ./Application/User/Core/rtc.o (atoi)
C:/ST/STM32CubeIDE_1.19.0/STM32CubeIDE/plugins/com.st.stm32cube.ide.mcu.externaltools.gnu-tools-for-stm32.13.3.rel1.win32_1.0.0.202411081344/tools/bin/../lib/gcc/arm-none-eabi/13.3.1/../../../../arm-none-eabi/lib/thumb/v7e-m+fp/hard\libc_nano.a(libc_a-exit.o)
                              C:/ST/STM32CubeIDE_1.19.0/STM32CubeIDE/plugins/com.st.stm32cube.ide.mcu.externaltools.gnu-tools-for-stm32.13.3.rel1.win32_1.0.0.202411081344/tools/bin/../lib/gcc/arm-none-eabi/13.3.1/../../../../arm-none-eabi/lib/thumb/v7e-m+fp/hard/crt0.o (exit)
C:/ST/STM32CubeIDE_1.19.0/STM32CubeIDE/plugins/com.st.stm32cube.ide.mcu.externaltools.gnu-tools-for-stm32.13.3.rel1.win32_1.0.0.202411081344/tools/bin/../lib/gcc/arm-none-eabi/13.3.1/../../../../arm-none-eabi/lib/thumb/v7e-m+fp/hard\libc_nano.a(libc_a-strtol.o)
                              C:/ST/STM32CubeIDE_1.19.0/STM32CubeIDE/plugins/com.st.stm32cube.ide.mcu.externaltools.gnu-tools-for-stm32.13.3.rel1.win32_1.0.0.202411081344/tools/bin/../lib/gcc/arm-none-eabi/13.3.1/../../../../arm-none-eabi/lib/thumb/v7e-m+fp/hard\libc_nano.a(libc_a-atoi.o) (_strtol_r)
C:/ST/STM32CubeIDE_1.19.0/STM32CubeIDE/plugins/com.st.stm32cube.ide.mcu.externaltools.gnu-tools-for-stm32.13.3.rel1.win32_1.0.0.202411081344/tools/bin/../lib/gcc/arm-none-eabi/13.3.1/../../../../arm-none-eabi/lib/thumb/v7e-m+fp/hard\libc_nano.a(libc_a-ctype_.o)
                              C:/ST/STM32CubeIDE_1.19.0/STM32CubeIDE/plugins/com.st.stm32cube.ide.mcu.externaltools.gnu-tools-for-stm32.13.3.rel1.win32_1.0.0.202411081344/tools/bin/../lib/gcc/arm-none-eabi/13.3.1/../../../../arm-none-eabi/lib/thumb/v7e-m+fp/hard\libc_nano.a(libc_a-strtol.o) (_ctype_)
C:/ST/STM32CubeIDE_1.19.0/STM32CubeIDE/plugins/com.st.stm32cube.ide.mcu.externaltools.gnu-tools-for-stm32.13.3.rel1.win32_1.0.0.202411081344/tools/bin/../lib/gcc/arm-none-eabi/13.3.1/../../../../arm-none-eabi/lib/thumb/v7e-m+fp/hard\libc_nano.a(libc_a-findfp.o)
                              ./Middlewares/FreeRTOS/tasks.o (__sf)
C:/ST/STM32CubeIDE_1.19.0/STM32CubeIDE/plugins/com.st.stm32cube.ide.mcu.externaltools.gnu-tools-for-stm32.13.3.rel1.win32_1.0.0.202411081344/tools/bin/../lib/gcc/arm-none-eabi/13.3.1/../../../../arm-none-eabi/lib/thumb/v7e-m+fp/hard\libc_nano.a(libc_a-fwalk.o)
                              C:/ST/STM32CubeIDE_1.19.0/STM32CubeIDE/plugins/com.st.stm32cube.ide.mcu.externaltools.gnu-tools-for-stm32.13.3.rel1.win32_1.0.0.202411081344/tools/bin/../lib/gcc/arm-none-eabi/13.3.1/../../../../arm-none-eabi/lib/thumb/v7e-m+fp/hard\libc_nano.a(libc_a-findfp.o) (_fwalk_sglue)
C:/ST/STM32CubeIDE_1.19.0/STM32CubeIDE/plugins/com.st.stm32cube.ide.mcu.externaltools.gnu-tools-for-stm32.13.3.rel1.win32_1.0.0.202411081344/tools/bin/../lib/gcc/arm-none-eabi/13.3.1/../../../../arm-none-eabi/lib/thumb/v7e-m+fp/hard\libc_nano.a(libc_a-snprintf.o)
                              ./Application/User/Core/freertos.o (snprintf)
C:/ST/STM32CubeIDE_1.19.0/STM32CubeIDE/plugins/com.st.stm32cube.ide.mcu.externaltools.gnu-tools-for-stm32.13.3.rel1.win32_1.0.0.202411081344/tools/bin/../lib/gcc/arm-none-eabi/13.3.1/../../../../arm-none-eabi/lib/thumb/v7e-m+fp/hard\libc_nano.a(libc_a-sprintf.o)
                              ./Application/User/Core/freertos.o (sprintf)
C:/ST/STM32CubeIDE_1.19.0/STM32CubeIDE/plugins/com.st.stm32cube.ide.mcu.externaltools.gnu-tools-for-stm32.13.3.rel1.win32_1.0.0.202411081344/tools/bin/../lib/gcc/arm-none-eabi/13.3.1/../../../../arm-none-eabi/lib/thumb/v7e-m+fp/hard\libc_nano.a(libc_a-stdio.o)
                              C:/ST/STM32CubeIDE_1.19.0/STM32CubeIDE/plugins/com.st.stm32cube.ide.mcu.externaltools.gnu-tools-for-stm32.13.3.rel1.win32_1.0.0.202411081344/tools/bin/../lib/gcc/arm-none-eabi/13.3.1/../../../../arm-none-eabi/lib/thumb/v7e-m+fp/hard\libc_nano.a(libc_a-findfp.o) (__sread)
C:/ST/STM32CubeIDE_1.19.0/STM32CubeIDE/plugins/com.st.stm32cube.ide.mcu.externaltools.gnu-tools-for-stm32.13.3.rel1.win32_1.0.0.202411081344/tools/bin/../lib/gcc/arm-none-eabi/13.3.1/../../../../arm-none-eabi/lib/thumb/v7e-m+fp/hard\libc_nano.a(libc_a-memmove.o)
                              ./Application/User/Core/ntptimer.o (memmove)
C:/ST/STM32CubeIDE_1.19.0/STM32CubeIDE/plugins/com.st.stm32cube.ide.mcu.externaltools.gnu-tools-for-stm32.13.3.rel1.win32_1.0.0.202411081344/tools/bin/../lib/gcc/arm-none-eabi/13.3.1/../../../../arm-none-eabi/lib/thumb/v7e-m+fp/hard\libc_nano.a(libc_a-memset.o)
[...]
Memory Configuration

Name             Origin             Length             Attributes
RAM              0x20000000         0x00020000         xrw
FLASH            0x08000000         0x00080000         xr
*default*        0x00000000         0xffffffff

Linker script and memory map

LOAD C:/ST/STM32CubeIDE_1.19.0/STM32CubeIDE/plugins/com.st.stm32cube.ide.mcu.externaltools.gnu-tools-for-stm32.13.3.rel1.win32_1.0.0.202411081344/tools/bin/../lib/gcc/arm-none-eabi/13.3.1/thumb/v7e-m+fp/hard/crti.o
LOAD C:/ST/STM32CubeIDE_1.19.0/STM32CubeIDE/plugins/com.st.stm32cube.ide.mcu.externaltools.gnu-tools-for-stm32.13.3.rel1.win32_1.0.0.202411081344/tools/bin/../lib/gcc/arm-none-eabi/13.3.1/thumb/v7e-m+fp/hard/crtbegin.o
LOAD C:/ST/STM32CubeIDE_1.19.0/STM32CubeIDE/plugins/com.st.stm32cube.ide.mcu.externaltools.gnu-tools-for-stm32.13.3.rel1.win32_1.0.0.202411081344/tools/bin/../lib/gcc/arm-none-eabi/13.3.1/../../../../arm-none-eabi/lib/thumb/v7e-m+fp/hard/crt0.o
LOAD ./Application/User/Core/ds1302.o
LOAD ./Application/User/Core/freertos.o
LOAD ./Application/User/Core/gpio.o
LOAD ./Application/User/Core/i2c.o
LOAD ./Application/User/Core/ir_decode.o
LOAD ./Application/User/Core/lcd.o
LOAD ./Application/User/Core/main.o
LOAD ./Application/User/Core/ntptimer.o
LOAD ./Application/User/Core/retarget.o
LOAD ./Application/User/Core/rtc.o
LOAD ./Application/User/Core/stm32f4xx_hal_msp.o
LOAD ./Application/User/Core/stm32f4xx_it.o
LOAD ./Application/User/Core/syscalls.o
LOAD ./Application/User/Core/sysmem.o
LOAD ./Application/User/Core/tim.o
LOAD ./Application/User/Core/usart.o
LOAD ./Application/User/Startup/startup_stm32f411retx.o
LOAD ./Drivers/CMSIS/system_stm32f4xx.o
LOAD ./Drivers/STM32F4xx_HAL_Driver/stm32f4xx_hal.o
LOAD ./Drivers/STM32F4xx_HAL_Driver/stm32f4xx_hal_cortex.o
LOAD ./Drivers/STM32F4xx_HAL_Driver/stm32f4xx_hal_dma.o
LOAD ./Drivers/STM32F4xx_HAL_Driver/stm32f4xx_hal_dma_ex.o
LOAD ./Drivers/STM32F4xx_HAL_Driver/stm32f4xx_hal_exti.o
LOAD ./Drivers/STM32F4xx_HAL_Driver/stm32f4xx_hal_flash.o
LOAD ./Drivers/STM32F4xx_HAL_Driver/stm32f4xx_hal_flash_ex.o
LOAD ./Drivers/STM32F4xx_HAL_Driver/stm32f4xx_hal_flash_ramfunc.o
LOAD ./Drivers/STM32F4xx_HAL_Driver/stm32f4xx_hal_gpio.o
LOAD ./Drivers/STM32F4xx_HAL_Driver/stm32f4xx_hal_i2c.o
LOAD ./Drivers/STM32F4xx_HAL_Driver/stm32f4xx_hal_i2c_ex.o
LOAD ./Drivers/STM32F4xx_HAL_Driver/stm32f4xx_hal_pwr.o
LOAD ./Drivers/STM32F4xx_HAL_Driver/stm32f4xx_hal_pwr_ex.o
LOAD ./Drivers/STM32F4xx_HAL_Driver/stm32f4xx_hal_rcc.o
LOAD ./Drivers/STM32F4xx_HAL_Driver/stm32f4xx_hal_rcc_ex.o
LOAD ./Drivers/STM32F4xx_HAL_Driver/stm32f4xx_hal_rtc.o
LOAD ./Drivers/STM32F4xx_HAL_Driver/stm32f4xx_hal_rtc_ex.o
LOAD ./Drivers/STM32F4xx_HAL_Driver/stm32f4xx_hal_tim.o
LOAD ./Drivers/STM32F4xx_HAL_Driver/stm32f4xx_hal_tim_ex.o
LOAD ./Drivers/STM32F4xx_HAL_Driver/stm32f4xx_hal_uart.o
LOAD ./Middlewares/FreeRTOS/cmsis_os2.o
LOAD ./Middlewares/FreeRTOS/croutine.o
LOAD ./Middlewares/FreeRTOS/event_groups.o
LOAD ./Middlewares/FreeRTOS/heap_4.o
LOAD ./Middlewares/FreeRTOS/list.o
LOAD ./Middlewares/FreeRTOS/port.o
LOAD ./Middlewares/FreeRTOS/queue.o
LOAD ./Middlewares/FreeRTOS/stream_buffer.o
LOAD ./Middlewares/FreeRTOS/tasks.o
LOAD ./Middlewares/FreeRTOS/timers.o
START GROUP
LOAD C:/ST/STM32CubeIDE_1.19.0/STM32CubeIDE/plugins/com.st.stm32cube.ide.mcu.externaltools.gnu-tools-for-stm32.13.3.rel1.win32_1.0.0.202411081344/tools/bin/../lib/gcc/arm-none-eabi/13.3.1/../../../../arm-none-eabi/lib/thumb/v7e-m+fp/hard\libc_nano.a
LOAD C:/ST/STM32CubeIDE_1.19.0/STM32CubeIDE/plugins/com.st.stm32cube.ide.mcu.externaltools.gnu-tools-for-stm32.13.3.rel1.win32_1.0.0.202411081344/tools/bin/../lib/gcc/arm-none-eabi/13.3.1/../../../../arm-none-eabi/lib/thumb/v7e-m+fp/hard\libm.a
END GROUP
START GROUP
LOAD C:/ST/STM32CubeIDE_1.19.0/STM32CubeIDE/plugins/com.st.stm32cube.ide.mcu.externaltools.gnu-tools-for-stm32.13.3.rel1.win32_1.0.0.202411081344/tools/bin/../lib/gcc/arm-none-eabi/13.3.1/thumb/v7e-m+fp/hard\libgcc.a
LOAD C:/ST/STM32CubeIDE_1.19.0/STM32CubeIDE/plugins/com.st.stm32cube.ide.mcu.externaltools.gnu-tools-for-stm32.13.3.rel1.win32_1.0.0.202411081344/tools/bin/../lib/gcc/arm-none-eabi/13.3.1/../../../../arm-none-eabi/lib/thumb/v7e-m+fp/hard\libc_nano.a
END GROUP
START GROUP
LOAD C:/ST/STM32CubeIDE_1.19.0/STM32CubeIDE/plugins/com.st.stm32cube.ide.mcu.externaltools.gnu-tools-for-stm32.13.3.rel1.win32_1.0.0.202411081344/tools/bin/../lib/gcc/arm-none-eabi/13.3.1/thumb/v7e-m+fp/hard\libgcc.a
LOAD C:/ST/STM32CubeIDE_1.19.0/STM32CubeIDE/plugins/com.st.stm32cube.ide.mcu.externaltools.gnu-tools-for-stm32.13.3.rel1.win32_1.0.0.202411081344/tools/bin/../lib/gcc/arm-none-eabi/13.3.1/../../../../arm-none-eabi/lib/thumb/v7e-m+fp/hard\libc_nano.a
LOAD C:/ST/STM32CubeIDE_1.19.0/STM32CubeIDE/plugins/com.st.stm32cube.ide.mcu.externaltools.gnu-tools-for-stm32.13.3.rel1.win32_1.0.0.202411081344/tools/bin/../lib/gcc/arm-none-eabi/13.3.1/../../../../arm-none-eabi/lib/thumb/v7e-m+fp/hard\libnosys.a
END GROUP
START GROUP
LOAD C:/ST/STM32CubeIDE_1.19.0/STM32CubeIDE/plugins/com.st.stm32cube.ide.mcu.externaltools.gnu-tools-for-stm32.13.3.rel1.win32_1.0.0.202411081344/tools/bin/../lib/gcc/arm-none-eabi/13.3.1/thumb/v7e-m+fp/hard\libgcc.a
LOAD C:/ST/STM32CubeIDE_1.19.0/STM32CubeIDE/plugins/com.st.stm32cube.ide.mcu.externaltools.gnu-tools-for-stm32.13.3.rel1.win32_1.0.0.202411081344/tools/bin/../lib/gcc/arm-none-eabi/13.3.1/../../../../arm-none-eabi/lib/thumb/v7e-m+fp/hard\libc_nano.a
LOAD C:/ST/STM32CubeIDE_1.19.0/STM32CubeIDE/plugins/com.st.stm32cube.ide.mcu.externaltools.gnu-tools-for-stm32.13.3.rel1.win32_1.0.0.202411081344/tools/bin/../lib/gcc/arm-none-eabi/13.3.1/../../../../arm-none-eabi/lib/thumb/v7e-m+fp/hard\libnosys.a
END GROUP
LOAD C:/ST/STM32CubeIDE_1.19.0/STM32CubeIDE/plugins/com.st.stm32cube.ide.mcu.externaltools.gnu-tools-for-stm32.13.3.rel1.win32_1.0.0.202411081344/tools/bin/../lib/gcc/arm-none-eabi/13.3.1/thumb/v7e-m+fp/hard/crtend.o
LOAD C:/ST/STM32CubeIDE_1.19.0/STM32CubeIDE/plugins/com.st.stm32cube.ide.mcu.externaltools.gnu-tools-for-stm32.13.3.rel1.win32_1.0.0.202411081344/tools/bin/../lib/gcc/arm-none-eabi/13.3.1/thumb/v7e-m+fp/hard/crtn.o
                0x20020000                        _estack = (ORIGIN (RAM) + LENGTH (RAM))
                0x00000200                        _Min_Heap_Size = 0x200
                0x00000400                        _Min_Stack_Size = 0x400

.isr_vector     0x08000000      0x198
                0x08000000                        . = ALIGN (0x4)
 *(.isr_vector)
 .isr_vector    0x08000000      0x198 ./Application/User/Startup/startup_stm32f411retx.o
                0x08000000                g_pfnVectors
                0x08000198                        . = ALIGN (0x4)

.text           0x080001a0     0xb204
                0x080001a0                        . = ALIGN (0x4)
 *(.text)
 .text          0x080001a0       0x40 C:/ST/STM32CubeIDE_1.19.0/STM32CubeIDE/plugins/com.st.stm32cube.ide.mcu.externaltools.gnu-tools-for-stm32.13.3.rel1.win32_1.0.0.202411081344/tools/bin/../lib/gcc/arm-none-eabi/13.3.1/thumb/v7e-m+fp/hard/crtbegin.o
 .text          0x080001e0       0x10 C:/ST/STM32CubeIDE_1.19.0/STM32CubeIDE/plugins/com.st.stm32cube.ide.mcu.externaltools.gnu-tools-for-stm32.13.3.rel1.win32_1.0.0.202411081344/tools/bin/../lib/gcc/arm-none-eabi/13.3.1/../../../../arm-none-eabi/lib/thumb/v7e-m+fp/hard\libc_nano.a(libc_a-strlen.o)
                0x080001e0                strlen
 .text          0x080001f0       0xa0 C:/ST/STM32CubeIDE_1.19.0/STM32CubeIDE/plugins/com.st.stm32cube.ide.mcu.externaltools.gnu-tools-for-stm32.13.3.rel1.win32_1.0.0.202411081344/tools/bin/../lib/gcc/arm-none-eabi/13.3.1/../../../../arm-none-eabi/lib/thumb/v7e-m+fp/hard\libc_nano.a(libc_a-memchr.o)
                0x080001f0                memchr
 .text          0x08000290       0x30 C:/ST/STM32CubeIDE_1.19.0/STM32CubeIDE/plugins/com.st.stm32cube.ide.mcu.externaltools.gnu-tools-for-stm32.13.3.rel1.win32_1.0.0.202411081344/tools/bin/../lib/gcc/arm-none-eabi/13.3.1/thumb/v7e-m+fp/hard\libgcc.a(_aeabi_uldivmod.o)
                0x08000290                __aeabi_uldivmod
 .text          0x080002c0      0x2f8 C:/ST/STM32CubeIDE_1.19.0/STM32CubeIDE/plugins/com.st.stm32cube.ide.mcu.externaltools.gnu-tools-for-stm32.13.3.rel1.win32_1.0.0.202411081344/tools/bin/../lib/gcc/arm-none-eabi/13.3.1/thumb/v7e-m+fp/hard\libgcc.a(_udivmoddi4.o)
                0x080002c0                __udivmoddi4
 .text          0x080005b8        0x4 C:/ST/STM32CubeIDE_1.19.0/STM32CubeIDE/plugins/com.st.stm32cube.ide.mcu.externaltools.gnu-tools-for-stm32.13.3.rel1.win32_1.0.0.202411081344/tools/bin/../lib/gcc/arm-none-eabi/13.3.1/thumb/v7e-m+fp/hard\libgcc.a(_dvmd_tls.o)
                0x080005b8                __aeabi_idiv0
                0x080005b8                __aeabi_ldiv0
 *(.text*)
 .text.DS1302_IO_SetMode_Input
                0x080005bc       0x38 ./Application/User/Core/ds1302.o
 .text.DS1302_IO_SetMode_Output
                0x080005f4       0x3c ./Application/User/Core/ds1302.o
 .text.DS1302_WriteByte
                0x08000630       0x64 ./Application/User/Core/ds1302.o
 .text.DS1302_ReadByte
                0x08000694       0x6c ./Application/User/Core/ds1302.o
 .text.DS1302_WriteRegister
                0x08000700       0x48 ./Application/User/Core/ds1302.o
 .text.DS1302_ReadRegister
                0x08000748       0x44 ./Application/User/Core/ds1302.o
 .text.bcd2dec  0x0800078c       0x32 ./Application/User/Core/ds1302.o
 *fill*         0x080007be        0x2 
 .text.dec2bcd  0x080007c0       0x4c ./Application/User/Core/ds1302.o
 .text.DS1302_SetTime
                0x0800080c       0xa8 ./Application/User/Core/ds1302.o
                0x0800080c                DS1302_SetTime
 .text.DS1302_GetTime
                0x080008b4       0xb0 ./Application/User/Core/ds1302.o
                0x080008b4                DS1302_GetTime
 .text.MX_FREERTOS_Init
                0x08000964       0xdc ./Application/User/Core/freertos.o
                0x08000964                MX_FREERTOS_Init
 .text.StartTimeTask
                0x08000a40      0x104 ./Application/User/Core/freertos.o
                0x08000a40                StartTimeTask
 .text.StartAlarmTask
                0x08000b44      0x100 ./Application/User/Core/freertos.o
                0x08000b44                StartAlarmTask
 .text.StartIRTask
                0x08000c44      0x914 ./Application/User/Core/freertos.o
                0x08000c44                StartIRTask
 .text.StartUIStateTask
                0x08001558      0x3e8 ./Application/User/Core/freertos.o
                0x08001558                StartUIStateTask
 .text.StartLCDTask
                0x08001940       0x68 ./Application/User/Core/freertos.o
                0x08001940                StartLCDTask
 .text.StartNTPTask
                0x080019a8       0x30 ./Application/User/Core/freertos.o
                0x080019a8                StartNTPTask
 .text.MX_GPIO_Init
                0x080019d8      0x178 ./Application/User/Core/gpio.o
                0x080019d8                MX_GPIO_Init
 .text.MX_I2C1_Init
                0x08001b50       0x5c ./Application/User/Core/i2c.o
                0x08001b50                MX_I2C1_Init
 .text.HAL_I2C_MspInit
                0x08001bac       0x90 ./Application/User/Core/i2c.o
                0x08001bac                HAL_I2C_MspInit
 .text.check_ir
                0x08001c3c       0xb8 ./Application/User/Core/ir_decode.o
                0x08001c3c                check_ir
 .text.reset_ir_state
                0x08001cf4       0x38 ./Application/User/Core/ir_decode.o
                0x08001cf4                reset_ir_state
 .text.LCD_Delay
                0x08001d2c       0x16 ./Application/User/Core/lcd.o
 .text.LCD_Init
                0x08001d42       0x40 ./Application/User/Core/lcd.o
                0x08001d42                LCD_Init
 .text.LCD_SetCursor
                0x08001d82       0x36 ./Application/User/Core/lcd.o
                0x08001d82                LCD_SetCursor
 .text.LCD_Print
                0x08001db8       0x2a ./Application/User/Core/lcd.o
                0x08001db8                LCD_Print
 .text.LCD_Send_Cmd
                0x08001de2       0x30 ./Application/User/Core/lcd.o
 .text.LCD_Send_Data
                0x08001e12       0x30 ./Application/User/Core/lcd.o
 *fill*         0x08001e42        0x2 
 .text.LCD_Send
                0x08001e44       0x6c ./Application/User/Core/lcd.o
 .text.main     0x08001eb0       0x44 ./Application/User/Core/main.o
                0x08001eb0                main
 .text.SystemClock_Config
                0x08001ef4       0xd8 ./Application/User/Core/main.o
                0x08001ef4                SystemClock_Config
 .text.HAL_GPIO_EXTI_Callback
                0x08001fcc       0x48 ./Application/User/Core/main.o
                0x08001fcc                HAL_GPIO_EXTI_Callback
 .text.HAL_UART_RxCpltCallback
                0x08002014       0x16 ./Application/User/Core/main.o
                0x08002014                HAL_UART_RxCpltCallback
 .text.Error_Handler
                0x0800202a        0xc ./Application/User/Core/main.o
                0x0800202a                Error_Handler
 *fill*         0x08002036        0x2 
 .text.NTP_Timer_Init
                0x08002038       0x94 ./Application/User/Core/ntptimer.o
                0x08002038                NTP_Timer_Init
 .text.NTP_Timer_Task
                0x080020cc       0x1a ./Application/User/Core/ntptimer.o
                0x080020cc                NTP_Timer_Task
 *fill*         0x080020e6        0x2 
 .text.NTP_UART_RxCallback
                0x080020e8       0x7c ./Application/User/Core/ntptimer.o
                0x080020e8                NTP_UART_RxCallback
 .text.NTP_RingBuffer_Init
                0x08002164       0x24 ./Application/User/Core/ntptimer.o
 .text.NTP_RingBuffer_Put
                0x08002188       0x5c ./Application/User/Core/ntptimer.o
 .text.NTP_RingBuffer_Get
                0x080021e4       0x60 ./Application/User/Core/ntptimer.o
 .text.NTP_ESP_SendString
                0x08002244       0x90 ./Application/User/Core/ntptimer.o
 .text.NTP_Debug_Print
                0x080022d4       0x4c ./Application/User/Core/ntptimer.o
 .text.NTP_ESP_CheckResponse
                0x08002320       0xb4 ./Application/User/Core/ntptimer.o
 .text.NTP_ESP_ClearResponseBuffer
                0x080023d4       0x24 ./Application/User/Core/ntptimer.o
 .text.NTP_ESP_ProcessResponse
                0x080023f8      0x1ac ./Application/User/Core/ntptimer.o
                0x080023f8                NTP_ESP_ProcessResponse
 .text.NTP_WiFi_StateMachine
                0x080025a4      0xa3c ./Application/User/Core/ntptimer.o
                0x080025a4                NTP_WiFi_StateMachine
 .text.MX_RTC_Init
                0x08002fe0       0x4c ./Application/User/Core/rtc.o
                0x08002fe0                MX_RTC_Init
 .text.HAL_RTC_MspInit
                0x0800302c       0x58 ./Application/User/Core/rtc.o
                0x0800302c                HAL_RTC_MspInit
 .text.HAL_MspInit
                0x08003084       0x58 ./Application/User/Core/stm32f4xx_hal_msp.o
                0x08003084                HAL_MspInit
 .text.NMI_Handler
                0x080030dc        0x8 ./Application/User/Core/stm32f4xx_it.o
                0x080030dc                NMI_Handler
 .text.HardFault_Handler
                0x080030e4        0x8 ./Application/User/Core/stm32f4xx_it.o
                0x080030e4                HardFault_Handler
 .text.MemManage_Handler
                0x080030ec        0x8 ./Application/User/Core/stm32f4xx_it.o
                0x080030ec                MemManage_Handler
 .text.BusFault_Handler
                0x080030f4        0x8 ./Application/User/Core/stm32f4xx_it.o
                0x080030f4                BusFault_Handler
 .text.UsageFault_Handler
                0x080030fc        0x8 ./Application/User/Core/stm32f4xx_it.o
                0x080030fc                UsageFault_Handler
 .text.DebugMon_Handler
                0x08003104        0xe ./Application/User/Core/stm32f4xx_it.o
                0x08003104                DebugMon_Handler
 .text.SysTick_Handler
                0x08003112       0x1a ./Application/User/Core/stm32f4xx_it.o
                0x08003112                SysTick_Handler
 .text.EXTI0_IRQHandler
                0x0800312c        0xe ./Application/User/Core/stm32f4xx_it.o
                0x0800312c                EXTI0_IRQHandler
 *fill*         0x0800313a        0x2 
 .text.TIM2_IRQHandler
                0x0800313c       0x14 ./Application/User/Core/stm32f4xx_it.o
                0x0800313c                TIM2_IRQHandler
 .text.USART1_IRQHandler
                0x08003150       0x14 ./Application/User/Core/stm32f4xx_it.o
                0x08003150                USART1_IRQHandler
 .text.USART2_IRQHandler
                0x08003164       0x14 ./Application/User/Core/stm32f4xx_it.o
                0x08003164                USART2_IRQHandler
 .text.EXTI15_10_IRQHandler
                0x08003178       0x10 ./Application/User/Core/stm32f4xx_it.o
                0x08003178                EXTI15_10_IRQHandler
 .text._sbrk    0x08003188       0x6c ./Application/User/Core/sysmem.o
                0x08003188                _sbrk
 .text.MX_TIM2_Init
                0x080031f4       0x98 ./Application/User/Core/tim.o
                0x080031f4                MX_TIM2_Init
 .text.HAL_TIM_Base_MspInit
                0x0800328c       0x4c ./Application/User/Core/tim.o
                0x0800328c                HAL_TIM_Base_MspInit
 .text.MX_USART1_UART_Init
                0x080032d8       0x54 ./Application/User/Core/usart.o
                0x080032d8                MX_USART1_UART_Init
 .text.MX_USART2_UART_Init
                0x0800332c       0x54 ./Application/User/Core/usart.o
                0x0800332c                MX_USART2_UART_Init
 .text.HAL_UART_MspInit
                0x08003380      0x158 ./Application/User/Core/usart.o
                0x08003380                HAL_UART_MspInit
 .text.Reset_Handler
                0x080034d8       0x50 ./Application/User/Startup/startup_stm32f411retx.o
                0x080034d8                Reset_Handler
 .text.Default_Handler
                0x08003528        0x2 ./Application/User/Startup/startup_stm32f411retx.o
                0x08003528                RTC_Alarm_IRQHandler
                0x08003528                EXTI2_IRQHandler
                0x08003528                SPI4_IRQHandler
                0x08003528                TIM1_CC_IRQHandler
                0x08003528                DMA2_Stream5_IRQHandler
                0x08003528                DMA1_Stream5_IRQHandler
                0x08003528                PVD_IRQHandler
                0x08003528                SDIO_IRQHandler
                0x08003528                TAMP_STAMP_IRQHandler
                0x08003528                EXTI3_IRQHandler
                0x08003528                TIM1_UP_TIM10_IRQHandler
                0x08003528                I2C3_ER_IRQHandler
                0x08003528                I2C2_EV_IRQHandler
                0x08003528                DMA1_Stream2_IRQHandler
                0x08003528                FPU_IRQHandler
                0x08003528                DMA2_Stream2_IRQHandler
                0x08003528                SPI1_IRQHandler
                0x08003528                TIM1_BRK_TIM9_IRQHandler
                0x08003528                DMA2_Stream3_IRQHandler
                0x08003528                USART6_IRQHandler
                0x08003528                DMA2_Stream0_IRQHandler
                0x08003528                TIM4_IRQHandler
                0x08003528                I2C1_EV_IRQHandler
                0x08003528                DMA1_Stream6_IRQHandler
                0x08003528                DMA1_Stream1_IRQHandler
                0x08003528                TIM3_IRQHandler
                0x08003528                RCC_IRQHandler
                0x08003528                Default_Handler
                0x08003528                ADC_IRQHandler
                0x08003528                DMA1_Stream7_IRQHandler
                0x08003528                SPI5_IRQHandler
                0x08003528                TIM5_IRQHandler
                0x08003528                DMA2_Stream7_IRQHandler
                0x08003528                I2C3_EV_IRQHandler
                0x08003528                EXTI9_5_IRQHandler
                0x08003528                RTC_WKUP_IRQHandler
                0x08003528                SPI2_IRQHandler
                0x08003528                DMA1_Stream0_IRQHandler
                0x08003528                EXTI4_IRQHandler
                0x08003528                WWDG_IRQHandler
                0x08003528                OTG_FS_WKUP_IRQHandler
                0x08003528                TIM1_TRG_COM_TIM11_IRQHandler
                0x08003528                EXTI1_IRQHandler
                0x08003528                I2C2_ER_IRQHandler
                0x08003528                DMA2_Stream1_IRQHandler
                0x08003528                FLASH_IRQHandler
                0x08003528                DMA2_Stream4_IRQHandler
                0x08003528                OTG_FS_IRQHandler
                0x08003528                SPI3_IRQHandler
                0x08003528                DMA1_Stream4_IRQHandler
                0x08003528                I2C1_ER_IRQHandler
                0x08003528                DMA2_Stream6_IRQHandler
                0x08003528                DMA1_Stream3_IRQHandler
 *fill*         0x0800352a        0x2 
 .text.SystemInit
                0x0800352c       0x24 ./Drivers/CMSIS/system_stm32f4xx.o
                0x0800352c                SystemInit
 .text.HAL_Init
                0x08003550       0x44 ./Drivers/STM32F4xx_HAL_Driver/stm32f4xx_hal.o
                0x08003550                HAL_Init
 .text.HAL_InitTick
                0x08003594       0x60 ./Drivers/STM32F4xx_HAL_Driver/stm32f4xx_hal.o
                0x08003594                HAL_InitTick
 .text.HAL_IncTick
                0x080035f4       0x28 ./Drivers/STM32F4xx_HAL_Driver/stm32f4xx_hal.o
                0x080035f4                HAL_IncTick
 .text.HAL_GetTick
                0x0800361c       0x18 ./Drivers/STM32F4xx_HAL_Driver/stm32f4xx_hal.o
                0x0800361c                HAL_GetTick
 .text.HAL_Delay
                0x08003634       0x48 ./Drivers/STM32F4xx_HAL_Driver/stm32f4xx_hal.o
                0x08003634                HAL_Delay
 .text.__NVIC_SetPriorityGrouping
                0x0800367c       0x48 ./Drivers/STM32F4xx_HAL_Driver/stm32f4xx_hal_cortex.o
 .text.__NVIC_GetPriorityGrouping
                0x080036c4       0x1c ./Drivers/STM32F4xx_HAL_Driver/stm32f4xx_hal_cortex.o
 .text.__NVIC_EnableIRQ
                0x080036e0       0x3c ./Drivers/STM32F4xx_HAL_Driver/stm32f4xx_hal_cortex.o
 .text.__NVIC_SetPriority
                0x0800371c       0x54 ./Drivers/STM32F4xx_HAL_Driver/stm32f4xx_hal_cortex.o
 .text.NVIC_EncodePriority
                0x08003770       0x66 ./Drivers/STM32F4xx_HAL_Driver/stm32f4xx_hal_cortex.o
 *fill*         0x080037d6        0x2 
 .text.SysTick_Config
                0x080037d8       0x44 ./Drivers/STM32F4xx_HAL_Driver/stm32f4xx_hal_cortex.o
 .text.HAL_NVIC_SetPriorityGrouping
                0x0800381c       0x16 ./Drivers/STM32F4xx_HAL_Driver/stm32f4xx_hal_cortex.o
                0x0800381c                HAL_NVIC_SetPriorityGrouping
 .text.HAL_NVIC_SetPriority
                0x08003832       0x38 ./Drivers/STM32F4xx_HAL_Driver/stm32f4xx_hal_cortex.o
                0x08003832                HAL_NVIC_SetPriority
 .text.HAL_NVIC_EnableIRQ
                0x0800386a       0x1c ./Drivers/STM32F4xx_HAL_Driver/stm32f4xx_hal_cortex.o
                0x0800386a                HAL_NVIC_EnableIRQ
 .text.HAL_SYSTICK_Config
                0x08003886       0x18 ./Drivers/STM32F4xx_HAL_Driver/stm32f4xx_hal_cortex.o
                0x08003886                HAL_SYSTICK_Config
 .text.HAL_DMA_Abort
                0x0800389e       0xe0 ./Drivers/STM32F4xx_HAL_Driver/stm32f4xx_hal_dma.o
                0x0800389e                HAL_DMA_Abort
 .text.HAL_DMA_Abort_IT
                0x0800397e       0x44 ./Drivers/STM32F4xx_HAL_Driver/stm32f4xx_hal_dma.o
                0x0800397e                HAL_DMA_Abort_IT
 *fill*         0x080039c2        0x2 
 .text.HAL_GPIO_Init
                0x080039c4      0x308 ./Drivers/STM32F4xx_HAL_Driver/stm32f4xx_hal_gpio.o
                0x080039c4                HAL_GPIO_Init
 .text.HAL_GPIO_ReadPin
                0x08003ccc       0x30 ./Drivers/STM32F4xx_HAL_Driver/stm32f4xx_hal_gpio.o
                0x08003ccc                HAL_GPIO_ReadPin
 .text.HAL_GPIO_WritePin
                0x08003cfc       0x32 ./Drivers/STM32F4xx_HAL_Driver/stm32f4xx_hal_gpio.o
                0x08003cfc                HAL_GPIO_WritePin
 *fill*         0x08003d2e        0x2 
 .text.HAL_GPIO_EXTI_IRQHandler
                0x08003d30       0x30 ./Drivers/STM32F4xx_HAL_Driver/stm32f4xx_hal_gpio.o
                0x08003d30                HAL_GPIO_EXTI_IRQHandler
 .text.HAL_I2C_Init
                0x08003d60      0x288 ./Drivers/STM32F4xx_HAL_Driver/stm32f4xx_hal_i2c.o
                0x08003d60                HAL_I2C_Init
 .text.HAL_I2C_Master_Transmit
                0x08003fe8      0x1fc ./Drivers/STM32F4xx_HAL_Driver/stm32f4xx_hal_i2c.o
                0x08003fe8                HAL_I2C_Master_Transmit
 .text.I2C_MasterRequestWrite
                0x080041e4      0x104 ./Drivers/STM32F4xx_HAL_Driver/stm32f4xx_hal_i2c.o
 .text.I2C_WaitOnFlagUntilTimeout
                0x080042e8       0xf4 ./Drivers/STM32F4xx_HAL_Driver/stm32f4xx_hal_i2c.o
 .text.I2C_WaitOnMasterAddressFlagUntilTimeout
                0x080043dc      0x140 ./Drivers/STM32F4xx_HAL_Driver/stm32f4xx_hal_i2c.o
 .text.I2C_WaitOnTXEFlagUntilTimeout
                0x0800451c       0x90 ./Drivers/STM32F4xx_HAL_Driver/stm32f4xx_hal_i2c.o
 .text.I2C_WaitOnBTFFlagUntilTimeout
                0x080045ac       0x90 ./Drivers/STM32F4xx_HAL_Driver/stm32f4xx_hal_i2c.o
 .text.I2C_IsAcknowledgeFailed
                0x0800463c       0x5e ./Drivers/STM32F4xx_HAL_Driver/stm32f4xx_hal_i2c.o
 *fill*         0x0800469a        0x2 
 .text.HAL_RCC_OscConfig
                0x0800469c      0x4f0 ./Drivers/STM32F4xx_HAL_Driver/stm32f4xx_hal_rcc.o
                0x0800469c                HAL_RCC_OscConfig
 .text.HAL_RCC_ClockConfig
                0x08004b8c      0x1cc ./Drivers/STM32F4xx_HAL_Driver/stm32f4xx_hal_rcc.o
                0x08004b8c                HAL_RCC_ClockConfig
 .text.HAL_RCC_GetSysClockFreq
                0x08004d58      0x20c ./Drivers/STM32F4xx_HAL_Driver/stm32f4xx_hal_rcc.o
                0x08004d58                HAL_RCC_GetSysClockFreq
 .text.HAL_RCC_GetHCLKFreq
                0x08004f64       0x18 ./Drivers/STM32F4xx_HAL_Driver/stm32f4xx_hal_rcc.o
                0x08004f64                HAL_RCC_GetHCLKFreq
 .text.HAL_RCC_GetPCLK1Freq
                0x08004f7c       0x28 ./Drivers/STM32F4xx_HAL_Driver/stm32f4xx_hal_rcc.o
                0x08004f7c                HAL_RCC_GetPCLK1Freq
 .text.HAL_RCC_GetPCLK2Freq
                0x08004fa4       0x28 ./Drivers/STM32F4xx_HAL_Driver/stm32f4xx_hal_rcc.o
                0x08004fa4                HAL_RCC_GetPCLK2Freq
 .text.HAL_RCCEx_PeriphCLKConfig
                0x08004fcc      0x1e0 ./Drivers/STM32F4xx_HAL_Driver/stm32f4xx_hal_rcc_ex.o
                0x08004fcc                HAL_RCCEx_PeriphCLKConfig
 .text.HAL_RTC_Init
                0x080051ac      0x102 ./Drivers/STM32F4xx_HAL_Driver/stm32f4xx_hal_rtc.o
                0x080051ac                HAL_RTC_Init
 .text.HAL_RTC_SetTime
                0x080052ae      0x134 ./Drivers/STM32F4xx_HAL_Driver/stm32f4xx_hal_rtc.o
                0x080052ae                HAL_RTC_SetTime
 .text.HAL_RTC_GetTime
                0x080053e2       0xbc ./Drivers/STM32F4xx_HAL_Driver/stm32f4xx_hal_rtc.o
                0x080053e2                HAL_RTC_GetTime
 .text.HAL_RTC_SetDate
                0x0800549e      0x108 ./Drivers/STM32F4xx_HAL_Driver/stm32f4xx_hal_rtc.o
                0x0800549e                HAL_RTC_SetDate
 .text.HAL_RTC_GetDate
                0x080055a6       0x9e ./Drivers/STM32F4xx_HAL_Driver/stm32f4xx_hal_rtc.o
                0x080055a6                HAL_RTC_GetDate
 .text.HAL_RTC_WaitForSynchro
                0x08005644       0x4c ./Drivers/STM32F4xx_HAL_Driver/stm32f4xx_hal_rtc.o
                0x08005644                HAL_RTC_WaitForSynchro
 .text.RTC_EnterInitMode
                0x08005690       0x6e ./Drivers/STM32F4xx_HAL_Driver/stm32f4xx_hal_rtc.o
                0x08005690                RTC_EnterInitMode
 .text.RTC_ExitInitMode
                0x080056fe       0x4a ./Drivers/STM32F4xx_HAL_Driver/stm32f4xx_hal_rtc.o
                0x080056fe                RTC_ExitInitMode
 .text.RTC_ByteToBcd2
                0x08005748       0x3c ./Drivers/STM32F4xx_HAL_Driver/stm32f4xx_hal_rtc.o
                0x08005748                RTC_ByteToBcd2
 .text.RTC_Bcd2ToByte
                0x08005784       0x3c ./Drivers/STM32F4xx_HAL_Driver/stm32f4xx_hal_rtc.o
                0x08005784                RTC_Bcd2ToByte
 .text.HAL_TIM_Base_Init
                0x080057c0       0x9e ./Drivers/STM32F4xx_HAL_Driver/stm32f4xx_hal_tim.o
                0x080057c0                HAL_TIM_Base_Init
 *fill*         0x0800585e        0x2 
 .text.HAL_TIM_Base_Start
                0x08005860       0xb4 ./Drivers/STM32F4xx_HAL_Driver/stm32f4xx_hal_tim.o
                0x08005860                HAL_TIM_Base_Start
 .text.HAL_TIM_IRQHandler
                0x08005914      0x1e0 ./Drivers/STM32F4xx_HAL_Driver/stm32f4xx_hal_tim.o
                0x08005914                HAL_TIM_IRQHandler
 .text.HAL_TIM_ConfigClockSource
                0x08005af4      0x18e ./Drivers/STM32F4xx_HAL_Driver/stm32f4xx_hal_tim.o
                0x08005af4                HAL_TIM_ConfigClockSource
 .text.HAL_TIM_PeriodElapsedCallback
                0x08005c82       0x14 ./Drivers/STM32F4xx_HAL_Driver/stm32f4xx_hal_tim.o
                0x08005c82                HAL_TIM_PeriodElapsedCallback
 .text.HAL_TIM_OC_DelayElapsedCallback
                0x08005c96       0x14 ./Drivers/STM32F4xx_HAL_Driver/stm32f4xx_hal_tim.o
                0x08005c96                HAL_TIM_OC_DelayElapsedCallback
 .text.HAL_TIM_IC_CaptureCallback
                0x08005caa       0x14 ./Drivers/STM32F4xx_HAL_Driver/stm32f4xx_hal_tim.o
                0x08005caa                HAL_TIM_IC_CaptureCallback
 .text.HAL_TIM_PWM_PulseFinishedCallback
                0x08005cbe       0x14 ./Drivers/STM32F4xx_HAL_Driver/stm32f4xx_hal_tim.o
                0x08005cbe                HAL_TIM_PWM_PulseFinishedCallback
 .text.HAL_TIM_TriggerCallback
                0x08005cd2       0x14 ./Drivers/STM32F4xx_HAL_Driver/stm32f4xx_hal_tim.o
                0x08005cd2                HAL_TIM_TriggerCallback
 *fill*         0x08005ce6        0x2 
 .text.TIM_Base_SetConfig
                0x08005ce8      0x10c ./Drivers/STM32F4xx_HAL_Driver/stm32f4xx_hal_tim.o
                0x08005ce8                TIM_Base_SetConfig
 .text.TIM_TI1_ConfigInputStage
                0x08005df4       0x5e ./Drivers/STM32F4xx_HAL_Driver/stm32f4xx_hal_tim.o
 .text.TIM_TI2_ConfigInputStage
                0x08005e52       0x60 ./Drivers/STM32F4xx_HAL_Driver/stm32f4xx_hal_tim.o
 .text.TIM_ITRx_SetConfig
                0x08005eb2       0x36 ./Drivers/STM32F4xx_HAL_Driver/stm32f4xx_hal_tim.o
 .text.TIM_ETR_SetConfig
                0x08005ee8       0x40 ./Drivers/STM32F4xx_HAL_Driver/stm32f4xx_hal_tim.o
                0x08005ee8                TIM_ETR_SetConfig
 .text.HAL_TIMEx_MasterConfigSynchronization
                0x08005f28       0xdc ./Drivers/STM32F4xx_HAL_Driver/stm32f4xx_hal_tim_ex.o
                0x08005f28                HAL_TIMEx_MasterConfigSynchronization
 .text.HAL_TIMEx_CommutCallback
                0x08006004       0x14 ./Drivers/STM32F4xx_HAL_Driver/stm32f4xx_hal_tim_ex.o
                0x08006004                HAL_TIMEx_CommutCallback
 .text.HAL_TIMEx_BreakCallback
                0x08006018       0x14 ./Drivers/STM32F4xx_HAL_Driver/stm32f4xx_hal_tim_ex.o
                0x08006018                HAL_TIMEx_BreakCallback
 .text.HAL_UART_Init
                0x0800602c       0xa0 ./Drivers/STM32F4xx_HAL_Driver/stm32f4xx_hal_uart.o
                0x0800602c                HAL_UART_Init
 .text.HAL_UART_Transmit
                0x080060cc      0x116 ./Drivers/STM32F4xx_HAL_Driver/stm32f4xx_hal_uart.o
                0x080060cc                HAL_UART_Transmit
 .text.HAL_UART_Receive_IT
                0x080061e2       0x4a ./Drivers/STM32F4xx_HAL_Driver/stm32f4xx_hal_uart.o
                0x080061e2                HAL_UART_Receive_IT
 .text.HAL_UART_IRQHandler
                0x0800622c      0x554 ./Drivers/STM32F4xx_HAL_Driver/stm32f4xx_hal_uart.o
                0x0800622c                HAL_UART_IRQHandler
 .text.HAL_UART_TxCpltCallback
                0x08006780       0x14 ./Drivers/STM32F4xx_HAL_Driver/stm32f4xx_hal_uart.o
                0x08006780                HAL_UART_TxCpltCallback
 .text.HAL_UART_ErrorCallback
                0x08006794       0x14 ./Drivers/STM32F4xx_HAL_Driver/stm32f4xx_hal_uart.o
                0x08006794                HAL_UART_ErrorCallback
 .text.HAL_UARTEx_RxEventCallback
                0x080067a8       0x18 ./Drivers/STM32F4xx_HAL_Driver/stm32f4xx_hal_uart.o
                0x080067a8                HAL_UARTEx_RxEventCallback
 .text.UART_WaitOnFlagUntilTimeout
                0x080067c0       0xb2 ./Drivers/STM32F4xx_HAL_Driver/stm32f4xx_hal_uart.o
 .text.UART_Start_Receive_IT
                0x08006872       0x74 ./Drivers/STM32F4xx_HAL_Driver/stm32f4xx_hal_uart.o
                0x08006872                UART_Start_Receive_IT
 .text.UART_EndRxTransfer
                0x080068e6       0xc6 ./Drivers/STM32F4xx_HAL_Driver/stm32f4xx_hal_uart.o
 .text.UART_DMAAbortOnError
                0x080069ac       0x22 ./Drivers/STM32F4xx_HAL_Driver/stm32f4xx_hal_uart.o
 .text.UART_Transmit_IT
                0x080069ce       0xa0 ./Drivers/STM32F4xx_HAL_Driver/stm32f4xx_hal_uart.o
 .text.UART_EndTransmit_IT
                0x08006a6e       0x30 ./Drivers/STM32F4xx_HAL_Driver/stm32f4xx_hal_uart.o
 .text.UART_Receive_IT
                0x08006a9e      0x17c ./Drivers/STM32F4xx_HAL_Driver/stm32f4xx_hal_uart.o
 *fill*         0x08006c1a        0x2 
 .text.UART_SetConfig
                0x08006c1c      0x4e8 ./Drivers/STM32F4xx_HAL_Driver/stm32f4xx_hal_uart.o
 .text.__NVIC_SetPriority
                0x08007104       0x54 ./Middlewares/FreeRTOS/cmsis_os2.o
 .text.SVC_Setup
                0x08007158       0x12 ./Middlewares/FreeRTOS/cmsis_os2.o
 *fill*         0x0800716a        0x2 
 .text.osKernelInitialize
                0x0800716c       0x48 ./Middlewares/FreeRTOS/cmsis_os2.o
                0x0800716c                osKernelInitialize
 .text.osKernelStart
                0x080071b4       0x4c ./Middlewares/FreeRTOS/cmsis_os2.o
                0x080071b4                osKernelStart
 .text.osKernelGetTickCount
                0x08007200       0x2a ./Middlewares/FreeRTOS/cmsis_os2.o
                0x08007200                osKernelGetTickCount
 *fill*         0x0800722a        0x2 
 .text.OS_Tick_GetCount
                0x0800722c       0x24 ./Middlewares/FreeRTOS/cmsis_os2.o
 .text.OS_Tick_GetOverflow
                0x08007250       0x1c ./Middlewares/FreeRTOS/cmsis_os2.o
 .text.OS_Tick_GetInterval
                0x0800726c       0x18 ./Middlewares/FreeRTOS/cmsis_os2.o
 .text.osKernelGetSysTimerCount
                0x08007284       0x72 ./Middlewares/FreeRTOS/cmsis_os2.o
                0x08007284                osKernelGetSysTimerCount
 .text.osThreadNew
                0x080072f6      0x124 ./Middlewares/FreeRTOS/cmsis_os2.o
                0x080072f6                osThreadNew
 .text.osDelay  0x0800741a       0x36 ./Middlewares/FreeRTOS/cmsis_os2.o
                0x0800741a                osDelay
 .text.osMutexNew
                0x08007450      0x10c ./Middlewares/FreeRTOS/cmsis_os2.o
                0x08007450                osMutexNew
 .text.osMutexAcquire
                0x0800755c       0x96 ./Middlewares/FreeRTOS/cmsis_os2.o
                0x0800755c                osMutexAcquire
 .text.osMutexRelease
                0x080075f2       0x7a ./Middlewares/FreeRTOS/cmsis_os2.o
                0x080075f2                osMutexRelease
 .text.osMessageQueueNew
                0x0800766c       0xe6 ./Middlewares/FreeRTOS/cmsis_os2.o
                0x0800766c                osMessageQueueNew
 *fill*         0x08007752        0x2 
 .text.osMessageQueueGet
                0x08007754       0xbc ./Middlewares/FreeRTOS/cmsis_os2.o
                0x08007754                osMessageQueueGet
 .text.vApplicationGetIdleTaskMemory
                0x08007810       0x34 ./Middlewares/FreeRTOS/cmsis_os2.o
                0x08007810                vApplicationGetIdleTaskMemory
 .text.vApplicationGetTimerTaskMemory
                0x08007844       0x34 ./Middlewares/FreeRTOS/cmsis_os2.o
                0x08007844                vApplicationGetTimerTaskMemory
 .text.pvPortMalloc
                0x08007878      0x19c ./Middlewares/FreeRTOS/heap_4.o
                0x08007878                pvPortMalloc
 .text.vPortFree
                0x08007a14       0xc8 ./Middlewares/FreeRTOS/heap_4.o
                0x08007a14                vPortFree
 .text.prvHeapInit
                0x08007adc       0xc4 ./Middlewares/FreeRTOS/heap_4.o
 .text.prvInsertBlockIntoFreeList
                0x08007ba0       0xb4 ./Middlewares/FreeRTOS/heap_4.o
 .text.vListInitialise
                0x08007c54       0x40 ./Middlewares/FreeRTOS/list.o
                0x08007c54                vListInitialise
 .text.vListInitialiseItem
                0x08007c94       0x1a ./Middlewares/FreeRTOS/list.o
                0x08007c94                vListInitialiseItem
 .text.vListInsertEnd
                0x08007cae       0x48 ./Middlewares/FreeRTOS/list.o
                0x08007cae                vListInsertEnd
 .text.vListInsert
                0x08007cf6       0x72 ./Middlewares/FreeRTOS/list.o
                0x08007cf6                vListInsert
 .text.uxListRemove
                0x08007d68       0x54 ./Middlewares/FreeRTOS/list.o
                0x08007d68                uxListRemove
 .text.pxPortInitialiseStack
                0x08007dbc       0x68 ./Middlewares/FreeRTOS/port.o
                0x08007dbc                pxPortInitialiseStack
 .text.prvTaskExitError
                0x08007e24       0x5c ./Middlewares/FreeRTOS/port.o
 .text.SVC_Handler
                0x08007e80       0x28 ./Middlewares/FreeRTOS/port.o
                0x08007e80                SVC_Handler
 .text.prvPortStartFirstTask
                0x08007ea8       0x28 ./Middlewares/FreeRTOS/port.o
 .text.xPortStartScheduler
                0x08007ed0      0x148 ./Middlewares/FreeRTOS/port.o
                0x08007ed0                xPortStartScheduler
 .text.vPortEnterCritical
                0x08008018       0x64 ./Middlewares/FreeRTOS/port.o
                0x08008018                vPortEnterCritical
 .text.vPortExitCritical
                0x0800807c       0x54 ./Middlewares/FreeRTOS/port.o
                0x0800807c                vPortExitCritical
 .text.PendSV_Handler
                0x080080d0       0x68 ./Middlewares/FreeRTOS/port.o
                0x080080d0                PendSV_Handler
 .text.xPortSysTickHandler
                0x08008138       0x44 ./Middlewares/FreeRTOS/port.o
                0x08008138                xPortSysTickHandler
 .text.vPortSetupTimerInterrupt
                0x0800817c       0x48 ./Middlewares/FreeRTOS/port.o
                0x0800817c                vPortSetupTimerInterrupt
 .text.vPortEnableVFP
                0x080081c4       0x14 ./Middlewares/FreeRTOS/port.o
 .text.vPortValidateInterruptPriority
                0x080081d8       0x84 ./Middlewares/FreeRTOS/port.o
                0x080081d8                vPortValidateInterruptPriority
 .text.xQueueGenericReset
                0x0800825c       0xd4 ./Middlewares/FreeRTOS/queue.o
                0x0800825c                xQueueGenericReset
 .text.xQueueGenericCreateStatic
                0x08008330       0xfa ./Middlewares/FreeRTOS/queue.o
                0x08008330                xQueueGenericCreateStatic
 .text.xQueueGenericCreate
                0x0800842a       0x76 ./Middlewares/FreeRTOS/queue.o
                0x0800842a                xQueueGenericCreate
 .text.prvInitialiseNewQueue
                0x080084a0       0x46 ./Middlewares/FreeRTOS/queue.o
 .text.prvInitialiseMutex
                0x080084e6       0x34 ./Middlewares/FreeRTOS/queue.o
 .text.xQueueCreateMutex
                0x0800851a       0x30 ./Middlewares/FreeRTOS/queue.o
                0x0800851a                xQueueCreateMutex
 .text.xQueueCreateMutexStatic
                0x0800854a       0x36 ./Middlewares/FreeRTOS/queue.o
                0x0800854a                xQueueCreateMutexStatic
 .text.xQueueGiveMutexRecursive
                0x08008580       0x6a ./Middlewares/FreeRTOS/queue.o
                0x08008580                xQueueGiveMutexRecursive
 .text.xQueueTakeMutexRecursive
                0x080085ea       0x6e ./Middlewares/FreeRTOS/queue.o
                0x080085ea                xQueueTakeMutexRecursive
 .text.xQueueGenericSend
                0x08008658      0x204 ./Middlewares/FreeRTOS/queue.o
                0x08008658                xQueueGenericSend
 .text.xQueueGenericSendFromISR
                0x0800885c      0x13c ./Middlewares/FreeRTOS/queue.o
                0x0800885c                xQueueGenericSendFromISR
 .text.xQueueReceive
                0x08008998      0x1c4 ./Middlewares/FreeRTOS/queue.o
                0x08008998                xQueueReceive
 .text.xQueueSemaphoreTake
                0x08008b5c      0x220 ./Middlewares/FreeRTOS/queue.o
                0x08008b5c                xQueueSemaphoreTake
 .text.xQueueReceiveFromISR
                0x08008d7c      0x104 ./Middlewares/FreeRTOS/queue.o
                0x08008d7c                xQueueReceiveFromISR
 .text.prvGetDisinheritPriorityAfterTimeout
                0x08008e80       0x30 ./Middlewares/FreeRTOS/queue.o
 .text.prvCopyDataToQueue
                0x08008eb0       0xd4 ./Middlewares/FreeRTOS/queue.o
 .text.prvCopyDataFromQueue
                0x08008f84       0x4c ./Middlewares/FreeRTOS/queue.o
 .text.prvUnlockQueue
                0x08008fd0       0xa4 ./Middlewares/FreeRTOS/queue.o
 .text.prvIsQueueEmpty
                0x08009074       0x2c ./Middlewares/FreeRTOS/queue.o
 .text.prvIsQueueFull
                0x080090a0       0x30 ./Middlewares/FreeRTOS/queue.o
 .text.vQueueAddToRegistry
                0x080090d0       0x54 ./Middlewares/FreeRTOS/queue.o
                0x080090d0                vQueueAddToRegistry
 .text.vQueueWaitForMessageRestricted
                0x08009124       0x68 ./Middlewares/FreeRTOS/queue.o
                0x08009124                vQueueWaitForMessageRestricted
 .text.xTaskCreateStatic
                0x0800918c       0xc0 ./Middlewares/FreeRTOS/tasks.o
                0x0800918c                xTaskCreateStatic
 .text.xTaskCreate
                0x0800924c       0x8a ./Middlewares/FreeRTOS/tasks.o
                0x0800924c                xTaskCreate
 *fill*         0x080092d6        0x2 
 .text.prvInitialiseNewTask
                0x080092d8      0x150 ./Middlewares/FreeRTOS/tasks.o
 .text.prvAddNewTaskToReadyList
                0x08009428       0xe0 ./Middlewares/FreeRTOS/tasks.o
 .text.vTaskDelay
                0x08009508       0x6c ./Middlewares/FreeRTOS/tasks.o
                0x08009508                vTaskDelay
 .text.vTaskStartScheduler
                0x08009574       0xe0 ./Middlewares/FreeRTOS/tasks.o
                0x08009574                vTaskStartScheduler
 .text.vTaskSuspendAll
                0x08009654       0x1c ./Middlewares/FreeRTOS/tasks.o
                0x08009654                vTaskSuspendAll
 .text.xTaskResumeAll
                0x08009670      0x13c ./Middlewares/FreeRTOS/tasks.o
                0x08009670                xTaskResumeAll
 .text.xTaskGetTickCount
                0x080097ac       0x20 ./Middlewares/FreeRTOS/tasks.o
                0x080097ac                xTaskGetTickCount
 .text.xTaskGetTickCountFromISR
                0x080097cc       0x24 ./Middlewares/FreeRTOS/tasks.o
                0x080097cc                xTaskGetTickCountFromISR
 .text.xTaskIncrementTick
                0x080097f0      0x174 ./Middlewares/FreeRTOS/tasks.o
                0x080097f0                xTaskIncrementTick
 .text.vTaskSwitchContext
                0x08009964       0xcc ./Middlewares/FreeRTOS/tasks.o
                0x08009964                vTaskSwitchContext
 .text.vTaskPlaceOnEventList
                0x08009a30       0x4c ./Middlewares/FreeRTOS/tasks.o
                0x08009a30                vTaskPlaceOnEventList
 .text.vTaskPlaceOnEventListRestricted
                0x08009a7c       0x58 ./Middlewares/FreeRTOS/tasks.o
                0x08009a7c                vTaskPlaceOnEventListRestricted
 .text.xTaskRemoveFromEventList
                0x08009ad4       0xc8 ./Middlewares/FreeRTOS/tasks.o
                0x08009ad4                xTaskRemoveFromEventList
 .text.vTaskInternalSetTimeOutState
                0x08009b9c       0x2c ./Middlewares/FreeRTOS/tasks.o
                0x08009b9c                vTaskInternalSetTimeOutState
 .text.xTaskCheckForTimeOut
                0x08009bc8       0xc8 ./Middlewares/FreeRTOS/tasks.o
                0x08009bc8                xTaskCheckForTimeOut
 .text.vTaskMissedYield
                0x08009c90       0x18 ./Middlewares/FreeRTOS/tasks.o
                0x08009c90                vTaskMissedYield
 .text.prvIdleTask
                0x08009ca8       0x30 ./Middlewares/FreeRTOS/tasks.o
 .text.prvInitialiseTaskLists
                0x08009cd8       0x80 ./Middlewares/FreeRTOS/tasks.o
 .text.prvCheckTasksWaitingTermination
                0x08009d58       0x5c ./Middlewares/FreeRTOS/tasks.o
 .text.prvDeleteTCB
                0x08009db4       0x6a ./Middlewares/FreeRTOS/tasks.o
 *fill*         0x08009e1e        0x2 
 .text.prvResetNextTaskUnblockTime
                0x08009e20       0x40 ./Middlewares/FreeRTOS/tasks.o
 .text.xTaskGetCurrentTaskHandle
                0x08009e60       0x20 ./Middlewares/FreeRTOS/tasks.o
                0x08009e60                xTaskGetCurrentTaskHandle
 .text.xTaskGetSchedulerState
                0x08009e80       0x3c ./Middlewares/FreeRTOS/tasks.o
                0x08009e80                xTaskGetSchedulerState
 .text.xTaskPriorityInherit
                0x08009ebc       0xd0 ./Middlewares/FreeRTOS/tasks.o
                0x08009ebc                xTaskPriorityInherit
 .text.xTaskPriorityDisinherit
                0x08009f8c       0xe0 ./Middlewares/FreeRTOS/tasks.o
                0x08009f8c                xTaskPriorityDisinherit
 .text.vTaskPriorityDisinheritAfterTimeout
                0x0800a06c      0x108 ./Middlewares/FreeRTOS/tasks.o
                0x0800a06c                vTaskPriorityDisinheritAfterTimeout
 .text.pvTaskIncrementMutexHeldCount
                0x0800a174       0x28 ./Middlewares/FreeRTOS/tasks.o
                0x0800a174                pvTaskIncrementMutexHeldCount
 .text.prvAddCurrentTaskToDelayedList
                0x0800a19c       0xa8 ./Middlewares/FreeRTOS/tasks.o
 .text.xTimerCreateTimerTask
                0x0800a244       0x94 ./Middlewares/FreeRTOS/timers.o
                0x0800a244                xTimerCreateTimerTask
 .text.xTimerGenericCommand
                0x0800a2d8       0x9c ./Middlewares/FreeRTOS/timers.o
                0x0800a2d8                xTimerGenericCommand
 .text.prvProcessExpiredTimer
                0x0800a374       0x9c ./Middlewares/FreeRTOS/timers.o
 .text.prvTimerTask
                0x0800a410       0x26 ./Middlewares/FreeRTOS/timers.o
 *fill*         0x0800a436        0x2 
 .text.prvProcessTimerOrBlockTask
                0x0800a438       0x9c ./Middlewares/FreeRTOS/timers.o
 .text.prvGetNextExpireTime
                0x0800a4d4       0x48 ./Middlewares/FreeRTOS/timers.o
 .text.prvSampleTimeNow
                0x0800a51c       0x40 ./Middlewares/FreeRTOS/timers.o
 .text.prvInsertTimerInActiveList
                0x0800a55c       0x84 ./Middlewares/FreeRTOS/timers.o
 .text.prvProcessReceivedCommands
                0x0800a5e0      0x1cc ./Middlewares/FreeRTOS/timers.o
 .text.prvSwitchTimerLists
                0x0800a7ac       0xcc ./Middlewares/FreeRTOS/timers.o
 .text.prvCheckForValidListAndQueue
                0x0800a878       0x80 ./Middlewares/FreeRTOS/timers.o
 .text.snprintf
                0x0800a8f8       0x6c C:/ST/STM32CubeIDE_1.19.0/STM32CubeIDE/plugins/com.st.stm32cube.ide.mcu.externaltools.gnu-tools-for-stm32.13.3.rel1.win32_1.0.0.202411081344/tools/bin/../lib/gcc/arm-none-eabi/13.3.1/../../../../arm-none-eabi/lib/thumb/v7e-m+fp/hard\libc_nano.a(libc_a-snprintf.o)
                0x0800a8f8                sniprintf
                0x0800a8f8                snprintf
 .text.sprintf  0x0800a964       0x44 C:/ST/STM32CubeIDE_1.19.0/STM32CubeIDE/plugins/com.st.stm32cube.ide.mcu.externaltools.gnu-tools-for-stm32.13.3.rel1.win32_1.0.0.202411081344/tools/bin/../lib/gcc/arm-none-eabi/13.3.1/../../../../arm-none-eabi/lib/thumb/v7e-m+fp/hard\libc_nano.a(libc_a-sprintf.o)
                0x0800a964                siprintf
                0x0800a964                sprintf
 .text.memmove  0x0800a9a8       0x34 C:/ST/STM32CubeIDE_1.19.0/STM32CubeIDE/plugins/com.st.stm32cube.ide.mcu.externaltools.gnu-tools-for-stm32.13.3.rel1.win32_1.0.0.202411081344/tools/bin/../lib/gcc/arm-none-eabi/13.3.1/../../../../arm-none-eabi/lib/thumb/v7e-m+fp/hard\libc_nano.a(libc_a-memmove.o)
                0x0800a9a8                memmove
 .text.memset   0x0800a9dc       0x10 C:/ST/STM32CubeIDE_1.19.0/STM32CubeIDE/plugins/com.st.stm32cube.ide.mcu.externaltools.gnu-tools-for-stm32.13.3.rel1.win32_1.0.0.202411081344/tools/bin/../lib/gcc/arm-none-eabi/13.3.1/../../../../arm-none-eabi/lib/thumb/v7e-m+fp/hard\libc_nano.a(libc_a-memset.o)
                0x0800a9dc                memset
 .text.strstr   0x0800a9ec       0x2c C:/ST/STM32CubeIDE_1.19.0/STM32CubeIDE/plugins/com.st.stm32cube.ide.mcu.externaltools.gnu-tools-for-stm32.13.3.rel1.win32_1.0.0.202411081344/tools/bin/../lib/gcc/arm-none-eabi/13.3.1/../../../../arm-none-eabi/lib/thumb/v7e-m+fp/hard\libc_nano.a(libc_a-strstr.o)
                0x0800a9ec                strstr
 .text._reclaim_reent
                0x0800aa18       0xbc C:/ST/STM32CubeIDE_1.19.0/STM32CubeIDE/plugins/com.st.stm32cube.ide.mcu.externaltools.gnu-tools-for-stm32.13.3.rel1.win32_1.0.0.202411081344/tools/bin/../lib/gcc/arm-none-eabi/13.3.1/../../../../arm-none-eabi/lib/thumb/v7e-m+fp/hard\libc_nano.a(libc_a-reent.o)
                0x0800aa18                _reclaim_reent
 .text.__errno  0x0800aad4        0xc C:/ST/STM32CubeIDE_1.19.0/STM32CubeIDE/plugins/com.st.stm32cube.ide.mcu.externaltools.gnu-tools-for-stm32.13.3.rel1.win32_1.0.0.202411081344/tools/bin/../lib/gcc/arm-none-eabi/13.3.1/../../../../arm-none-eabi/lib/thumb/v7e-m+fp/hard\libc_nano.a(libc_a-errno.o)
                0x0800aad4                __errno
 .text.__libc_init_array
                0x0800aae0       0x48 C:/ST/STM32CubeIDE_1.19.0/STM32CubeIDE/plugins/com.st.stm32cube.ide.mcu.externaltools.gnu-tools-for-stm32.13.3.rel1.win32_1.0.0.202411081344/tools/bin/../lib/gcc/arm-none-eabi/13.3.1/../../../../arm-none-eabi/lib/thumb/v7e-m+fp/hard\libc_nano.a(libc_a-init.o)
                0x0800aae0                __libc_init_array
 .text.__retarget_lock_acquire_recursive
                0x0800ab28        0x2 C:/ST/STM32CubeIDE_1.19.0/STM32CubeIDE/plugins/com.st.stm32cube.ide.mcu.externaltools.gnu-tools-for-stm32.13.3.rel1.win32_1.0.0.202411081344/tools/bin/../lib/gcc/arm-none-eabi/13.3.1/../../../../arm-none-eabi/lib/thumb/v7e-m+fp/hard\libc_nano.a(libc_a-lock.o)
                0x0800ab28                __retarget_lock_acquire_recursive
 .text.__retarget_lock_release_recursive
                0x0800ab2a        0x2 C:/ST/STM32CubeIDE_1.19.0/STM32CubeIDE/plugins/com.st.stm32cube.ide.mcu.externaltools.gnu-tools-for-stm32.13.3.rel1.win32_1.0.0.202411081344/tools/bin/../lib/gcc/arm-none-eabi/13.3.1/../../../../arm-none-eabi/lib/thumb/v7e-m+fp/hard\libc_nano.a(libc_a-lock.o)
                0x0800ab2a                __retarget_lock_release_recursive
 .text.memcpy   0x0800ab2c       0x1c C:/ST/STM32CubeIDE_1.19.0/STM32CubeIDE/plugins/com.st.stm32cube.ide.mcu.externaltools.gnu-tools-for-stm32.13.3.rel1.win32_1.0.0.202411081344/tools/bin/../lib/gcc/arm-none-eabi/13.3.1/../../../../arm-none-eabi/lib/thumb/v7e-m+fp/hard\libc_nano.a(libc_a-memcpy-stub.o)
                0x0800ab2c                memcpy
 .text._free_r  0x0800ab48       0x94 C:/ST/STM32CubeIDE_1.19.0/STM32CubeIDE/plugins/com.st.stm32cube.ide.mcu.externaltools.gnu-tools-for-stm32.13.3.rel1.win32_1.0.0.202411081344/tools/bin/../lib/gcc/arm-none-eabi/13.3.1/../../../../arm-none-eabi/lib/thumb/v7e-m+fp/hard\libc_nano.a(libc_a-freer.o)
                0x0800ab48                _free_r
 .text.sbrk_aligned
                0x0800abdc       0x44 C:/ST/STM32CubeIDE_1.19.0/STM32CubeIDE/plugins/com.st.stm32cube.ide.mcu.externaltools.gnu-tools-for-stm32.13.3.rel1.win32_1.0.0.202411081344/tools/bin/../lib/gcc/arm-none-eabi/13.3.1/../../../../arm-none-eabi/lib/thumb/v7e-m+fp/hard\libc_nano.a(libc_a-mallocr.o)
 .text._malloc_r
                0x0800ac20      0x100 C:/ST/STM32CubeIDE_1.19.0/STM32CubeIDE/plugins/com.st.stm32cube.ide.mcu.externaltools.gnu-tools-for-stm32.13.3.rel1.win32_1.0.0.202411081344/tools/bin/../lib/gcc/arm-none-eabi/13.3.1/../../../../arm-none-eabi/lib/thumb/v7e-m+fp/hard\libc_nano.a(libc_a-mallocr.o)
                0x0800ac20                _malloc_r
 .text.__malloc_lock
                0x0800ad20        0xc C:/ST/STM32CubeIDE_1.19.0/STM32CubeIDE/plugins/com.st.stm32cube.ide.mcu.externaltools.gnu-tools-for-stm32.13.3.rel1.win32_1.0.0.202411081344/tools/bin/../lib/gcc/arm-none-eabi/13.3.1/../../../../arm-none-eabi/lib/thumb/v7e-m+fp/hard\libc_nano.a(libc_a-mlock.o)
                0x0800ad20                __malloc_lock
 .text.__malloc_unlock
                0x0800ad2c        0xc C:/ST/STM32CubeIDE_1.19.0/STM32CubeIDE/plugins/com.st.stm32cube.ide.mcu.externaltools.gnu-tools-for-stm32.13.3.rel1.win32_1.0.0.202411081344/tools/bin/../lib/gcc/arm-none-eabi/13.3.1/../../../../arm-none-eabi/lib/thumb/v7e-m+fp/hard\libc_nano.a(libc_a-mlock.o)
                0x0800ad2c                __malloc_unlock
 .text.__ssputs_r
                0x0800ad38       0xb6 C:/ST/STM32CubeIDE_1.19.0/STM32CubeIDE/plugins/com.st.stm32cube.ide.mcu.externaltools.gnu-tools-for-stm32.13.3.rel1.win32_1.0.0.202411081344/tools/bin/../lib/gcc/arm-none-eabi/13.3.1/../../../../arm-none-eabi/lib/thumb/v7e-m+fp/hard\libc_nano.a(libc_a-nano-svfprintf.o)
                0x0800ad38                __ssputs_r
 *fill*         0x0800adee        0x2 
 .text._svfprintf_r
                0x0800adf0      0x1f8 C:/ST/STM32CubeIDE_1.19.0/STM32CubeIDE/plugins/com.st.stm32cube.ide.mcu.externaltools.gnu-tools-for-stm32.13.3.rel1.win32_1.0.0.202411081344/tools/bin/../lib/gcc/arm-none-eabi/13.3.1/../../../../arm-none-eabi/lib/thumb/v7e-m+fp/hard\libc_nano.a(libc_a-nano-svfprintf.o)
                0x0800adf0                _svfiprintf_r
                0x0800adf0                _svfprintf_r
 .text._printf_common
                0x0800afe8       0xda C:/ST/STM32CubeIDE_1.19.0/STM32CubeIDE/plugins/com.st.stm32cube.ide.mcu.externaltools.gnu-tools-for-stm32.13.3.rel1.win32_1.0.0.202411081344/tools/bin/../lib/gcc/arm-none-eabi/13.3.1/../../../../arm-none-eabi/lib/thumb/v7e-m+fp/hard\libc_nano.a(libc_a-nano-vfprintf_i.o)
                0x0800afe8                _printf_common
 *fill*         0x0800b0c2        0x2 
 .text._printf_i
                0x0800b0c4      0x23c C:/ST/STM32CubeIDE_1.19.0/STM32CubeIDE/plugins/com.st.stm32cube.ide.mcu.externaltools.gnu-tools-for-stm32.13.3.rel1.win32_1.0.0.202411081344/tools/bin/../lib/gcc/arm-none-eabi/13.3.1/../../../../arm-none-eabi/lib/thumb/v7e-m+fp/hard\libc_nano.a(libc_a-nano-vfprintf_i.o)
                0x0800b0c4                _printf_i
 .text._sbrk_r  0x0800b300       0x20 C:/ST/STM32CubeIDE_1.19.0/STM32CubeIDE/plugins/com.st.stm32cube.ide.mcu.externaltools.gnu-tools-for-stm32.13.3.rel1.win32_1.0.0.202411081344/tools/bin/../lib/gcc/arm-none-eabi/13.3.1/../../../../arm-none-eabi/lib/thumb/v7e-m+fp/hard\libc_nano.a(libc_a-sbrkr.o)
                0x0800b300                _sbrk_r
 .text._realloc_r
                0x0800b320       0x5c C:/ST/STM32CubeIDE_1.19.0/STM32CubeIDE/plugins/com.st.stm32cube.ide.mcu.externaltools.gnu-tools-for-stm32.13.3.rel1.win32_1.0.0.202411081344/tools/bin/../lib/gcc/arm-none-eabi/13.3.1/../../../../arm-none-eabi/lib/thumb/v7e-m+fp/hard\libc_nano.a(libc_a-reallocr.o)
                0x0800b320                _realloc_r
 .text._malloc_usable_size_r
                0x0800b37c       0x10 C:/ST/STM32CubeIDE_1.19.0/STM32CubeIDE/plugins/com.st.stm32cube.ide.mcu.externaltools.gnu-tools-for-stm32.13.3.rel1.win32_1.0.0.202411081344/tools/bin/../lib/gcc/arm-none-eabi/13.3.1/../../../../arm-none-eabi/lib/thumb/v7e-m+fp/hard\libc_nano.a(libc_a-msizer.o)
                0x0800b37c                _malloc_usable_size_r
 *(.glue_7)
 .glue_7        0x0800b38c        0x0 linker stubs
 *(.glue_7t)
 .glue_7t       0x0800b38c        0x0 linker stubs
 *(.eh_frame)
 .eh_frame      0x0800b38c        0x0 C:/ST/STM32CubeIDE_1.19.0/STM32CubeIDE/plugins/com.st.stm32cube.ide.mcu.externaltools.gnu-tools-for-stm32.13.3.rel1.win32_1.0.0.202411081344/tools/bin/../lib/gcc/arm-none-eabi/13.3.1/thumb/v7e-m+fp/hard/crtbegin.o
 *(.init)
 .init          0x0800b38c        0x4 C:/ST/STM32CubeIDE_1.19.0/STM32CubeIDE/plugins/com.st.stm32cube.ide.mcu.externaltools.gnu-tools-for-stm32.13.3.rel1.win32_1.0.0.202411081344/tools/bin/../lib/gcc/arm-none-eabi/13.3.1/thumb/v7e-m+fp/hard/crti.o
                0x0800b38c                _init
 .init          0x0800b390        0x8 C:/ST/STM32CubeIDE_1.19.0/STM32CubeIDE/plugins/com.st.stm32cube.ide.mcu.externaltools.gnu-tools-for-stm32.13.3.rel1.win32_1.0.0.202411081344/tools/bin/../lib/gcc/arm-none-eabi/13.3.1/thumb/v7e-m+fp/hard/crtn.o
 *(.fini)
 .fini          0x0800b398        0x4 C:/ST/STM32CubeIDE_1.19.0/STM32CubeIDE/plugins/com.st.stm32cube.ide.mcu.externaltools.gnu-tools-for-stm32.13.3.rel1.win32_1.0.0.202411081344/tools/bin/../lib/gcc/arm-none-eabi/13.3.1/thumb/v7e-m+fp/hard/crti.o
                0x0800b398                _fini
 .fini          0x0800b39c        0x8 C:/ST/STM32CubeIDE_1.19.0/STM32CubeIDE/plugins/com.st.stm32cube.ide.mcu.externaltools.gnu-tools-for-stm32.13.3.rel1.win32_1.0.0.202411081344/tools/bin/../lib/gcc/arm-none-eabi/13.3.1/thumb/v7e-m+fp/hard/crtn.o
                0x0800b3a4                        . = ALIGN (0x4)
                0x0800b3a4                        _etext = .

.vfp11_veneer   0x0800b3a4        0x0
 .vfp11_veneer  0x0800b3a4        0x0 linker stubs

.v4_bx          0x0800b3a4        0x0
 .v4_bx         0x0800b3a4        0x0 linker stubs

.iplt           0x0800b3a4        0x0
 .iplt          0x0800b3a4        0x0 C:/ST/STM32CubeIDE_1.19.0/STM32CubeIDE/plugins/com.st.stm32cube.ide.mcu.externaltools.gnu-tools-for-stm32.13.3.rel1.win32_1.0.0.202411081344/tools/bin/../lib/gcc/arm-none-eabi/13.3.1/thumb/v7e-m+fp/hard/crtbegin.o

.rodata         0x0800b3a4      0x988
                0x0800b3a4                        . = ALIGN (0x4)
 *(.rodata)
 .rodata        0x0800b3a4      0x197 ./Application/User/Core/freertos.o
 *fill*         0x0800b53b        0x1 
 .rodata        0x0800b53c      0x68a ./Application/User/Core/ntptimer.o
 *fill*         0x0800bbc6        0x2 
 .rodata        0x0800bbc8        0x5 ./Middlewares/FreeRTOS/tasks.o
 *fill*         0x0800bbcd        0x3 
 .rodata        0x0800bbd0        0xd ./Middlewares/FreeRTOS/timers.o
 *(.rodata*)
 *fill*         0x0800bbdd        0x3 
 .rodata.TimeTask_attributes
                0x0800bbe0       0x24 ./Application/User/Core/freertos.o
                0x0800bbe0                TimeTask_attributes
 .rodata.AlarmTask_attributes
                0x0800bc04       0x24 ./Application/User/Core/freertos.o
                0x0800bc04                AlarmTask_attributes
 .rodata.IRTask_attributes
                0x0800bc28       0x24 ./Application/User/Core/freertos.o
                0x0800bc28                IRTask_attributes
 .rodata.UIStateTask_attributes
                0x0800bc4c       0x24 ./Application/User/Core/freertos.o
                0x0800bc4c                UIStateTask_attributes
 .rodata.LCDTask_attributes
                0x0800bc70       0x24 ./Application/User/Core/freertos.o
                0x0800bc70                LCDTask_attributes
 .rodata.NTPTask_attributes
                0x0800bc94       0x24 ./Application/User/Core/freertos.o
                0x0800bc94                NTPTask_attributes
 .rodata.LCD_Queue_attributes
                0x0800bcb8       0x18 ./Application/User/Core/freertos.o
                0x0800bcb8                LCD_Queue_attributes
 .rodata.LCDMutex_attributes
                0x0800bcd0       0x10 ./Application/User/Core/freertos.o
                0x0800bcd0                LCDMutex_attributes
 .rodata.AHBPrescTable
                0x0800bce0       0x10 ./Drivers/CMSIS/system_stm32f4xx.o
                0x0800bce0                AHBPrescTable
 .rodata.APBPrescTable
                0x0800bcf0        0x8 ./Drivers/CMSIS/system_stm32f4xx.o
                0x0800bcf0                APBPrescTable
 .rodata._svfprintf_r.str1.1
                0x0800bcf8       0x33 C:/ST/STM32CubeIDE_1.19.0/STM32CubeIDE/plugins/com.st.stm32cube.ide.mcu.externaltools.gnu-tools-for-stm32.13.3.rel1.win32_1.0.0.202411081344/tools/bin/../lib/gcc/arm-none-eabi/13.3.1/../../../../arm-none-eabi/lib/thumb/v7e-m+fp/hard\libc_nano.a(libc_a-nano-svfprintf.o)
                                 0x11 (size before relaxing)
 .rodata._printf_i.str1.1
                0x0800bd2b       0x22 C:/ST/STM32CubeIDE_1.19.0/STM32CubeIDE/plugins/com.st.stm32cube.ide.mcu.externaltools.gnu-tools-for-stm32.13.3.rel1.win32_1.0.0.202411081344/tools/bin/../lib/gcc/arm-none-eabi/13.3.1/../../../../arm-none-eabi/lib/thumb/v7e-m+fp/hard\libc_nano.a(libc_a-nano-vfprintf_i.o)
                0x0800bd50                        . = ALIGN (0x4)
 *fill*         0x0800bd2b        0x1 

.ARM.extab      0x0800bd2c        0x0
                0x0800bd2c                        . = ALIGN (0x4)
 *(.ARM.extab* .gnu.linkonce.armextab.*)
                0x0800bd2c                        . = ALIGN (0x4)

.ARM            0x0800bd2c        0x8
                0x0800bd2c                        . = ALIGN (0x4)
                0x0800bd2c                        __exidx_start = .
 *(.ARM.exidx*)
 .ARM.exidx     0x0800bd2c        0x8 C:/ST/STM32CubeIDE_1.19.0/STM32CubeIDE/plugins/com.st.stm32cube.ide.mcu.externaltools.gnu-tools-for-stm32.13.3.rel1.win32_1.0.0.202411081344/tools/bin/../lib/gcc/arm-none-eabi/13.3.1/../../../../arm-none-eabi/lib/thumb/v7e-m+fp/hard\libc_nano.a(libc_a-strlen.o)
 .ARM.exidx     0x0800bd34        0x0 C:/ST/STM32CubeIDE_1.19.0/STM32CubeIDE/plugins/com.st.stm32cube.ide.mcu.externaltools.gnu-tools-for-stm32.13.3.rel1.win32_1.0.0.202411081344/tools/bin/../lib/gcc/arm-none-eabi/13.3.1/../../../../arm-none-eabi/lib/thumb/v7e-m+fp/hard\libc_nano.a(libc_a-memchr.o)
                                  0x8 (size before relaxing)
 .ARM.exidx     0x0800bd34        0x0 C:/ST/STM32CubeIDE_1.19.0/STM32CubeIDE/plugins/com.st.stm32cube.ide.mcu.externaltools.gnu-tools-for-stm32.13.3.rel1.win32_1.0.0.202411081344/tools/bin/../lib/gcc/arm-none-eabi/13.3.1/thumb/v7e-m+fp/hard\libgcc.a(_udivmoddi4.o)
                                  0x8 (size before relaxing)
                0x0800bd34                        __exidx_end = .
                0x0800bd34                        . = ALIGN (0x4)

.preinit_array  0x0800bd34        0x0
                0x0800bd34                        . = ALIGN (0x4)
                0x0800bd34                        PROVIDE (__preinit_array_start = .)
 *(.preinit_array*)
                0x0800bd34                        PROVIDE (__preinit_array_end = .)
                0x0800bd34                        . = ALIGN (0x4)

.init_array     0x0800bd34        0x4
                0x0800bd34                        . = ALIGN (0x4)
                0x0800bd34                        PROVIDE (__init_array_start = .)
 *(SORT_BY_NAME(.init_array.*))
 *(.init_array*)
 .init_array    0x0800bd34        0x4 C:/ST/STM32CubeIDE_1.19.0/STM32CubeIDE/plugins/com.st.stm32cube.ide.mcu.externaltools.gnu-tools-for-stm32.13.3.rel1.win32_1.0.0.202411081344/tools/bin/../lib/gcc/arm-none-eabi/13.3.1/thumb/v7e-m+fp/hard/crtbegin.o
                0x0800bd38                        PROVIDE (__init_array_end = .)
                0x0800bd38                        . = ALIGN (0x4)

.fini_array     0x0800bd38        0x4
                0x0800bd38                        . = ALIGN (0x4)
                [!provide]                        PROVIDE (__fini_array_start = .)
 *(SORT_BY_NAME(.fini_array.*))
 *(.fini_array*)
 .fini_array    0x0800bd38        0x4 C:/ST/STM32CubeIDE_1.19.0/STM32CubeIDE/plugins/com.st.stm32cube.ide.mcu.externaltools.gnu-tools-for-stm32.13.3.rel1.win32_1.0.0.202411081344/tools/bin/../lib/gcc/arm-none-eabi/13.3.1/thumb/v7e-m+fp/hard/crtbegin.o
                [!provide]                        PROVIDE (__fini_array_end = .)
                0x0800bd3c                        . = ALIGN (0x4)
                0x0800bd3c                        _sidata = LOADADDR (.data)

.rel.dyn        0x0800bd3c        0x0
 .rel.iplt      0x0800bd3c        0x0 C:/ST/STM32CubeIDE_1.19.0/STM32CubeIDE/plugins/com.st.stm32cube.ide.mcu.externaltools.gnu-tools-for-stm32.13.3.rel1.win32_1.0.0.202411081344/tools/bin/../lib/gcc/arm-none-eabi/13.3.1/thumb/v7e-m+fp/hard/crtbegin.o

.data           0x20000000       0x64 load address 0x0800bd3c
                0x20000000                        . = ALIGN (0x4)
                0x20000000                        _sdata = .
 *(.data)
 *(.data*)
 .data.alarm_hour
                0x20000000        0x1 ./Application/User/Core/main.o
                0x20000000                alarm_hour
 .data.alarm_min
                0x20000001        0x1 ./Application/User/Core/main.o
                0x20000001                alarm_min
 .data.alarm_sec
                0x20000002        0x1 ./Application/User/Core/main.o
                0x20000002                alarm_sec
 *fill*         0x20000003        0x1 
 .data.SystemCoreClock
                0x20000004        0x4 ./Drivers/CMSIS/system_stm32f4xx.o
                0x20000004                SystemCoreClock
 .data.uwTickPrio
                0x20000008        0x4 ./Drivers/STM32F4xx_HAL_Driver/stm32f4xx_hal.o
                0x20000008                uwTickPrio
 .data.uwTickFreq
                0x2000000c        0x1 ./Drivers/STM32F4xx_HAL_Driver/stm32f4xx_hal.o
                0x2000000c                uwTickFreq
 *fill*         0x2000000d        0x3 
 .data.uxCriticalNesting
                0x20000010        0x4 ./Middlewares/FreeRTOS/port.o
 .data._impure_ptr
                0x20000014        0x4 C:/ST/STM32CubeIDE_1.19.0/STM32CubeIDE/plugins/com.st.stm32cube.ide.mcu.externaltools.gnu-tools-for-stm32.13.3.rel1.win32_1.0.0.202411081344/tools/bin/../lib/gcc/arm-none-eabi/13.3.1/../../../../arm-none-eabi/lib/thumb/v7e-m+fp/hard\libc_nano.a(libc_a-impure.o)
                0x20000014                _impure_ptr
 .data._impure_data
                0x20000018       0x4c C:/ST/STM32CubeIDE_1.19.0/STM32CubeIDE/plugins/com.st.stm32cube.ide.mcu.externaltools.gnu-tools-for-stm32.13.3.rel1.win32_1.0.0.202411081344/tools/bin/../lib/gcc/arm-none-eabi/13.3.1/../../../../arm-none-eabi/lib/thumb/v7e-m+fp/hard\libc_nano.a(libc_a-impure.o)
                0x20000018                _impure_data
 *(.RamFunc)
 *(.RamFunc*)
                0x20000064                        . = ALIGN (0x4)
                0x20000064                        _edata = .

.igot.plt       0x20000064        0x0 load address 0x0800bda0
 .igot.plt      0x20000064        0x0 C:/ST/STM32CubeIDE_1.19.0/STM32CubeIDE/plugins/com.st.stm32cube.ide.mcu.externaltools.gnu-tools-for-stm32.13.3.rel1.win32_1.0.0.202411081344/tools/bin/../lib/gcc/arm-none-eabi/13.3.1/thumb/v7e-m+fp/hard/crtbegin.o
                0x20000064                        . = ALIGN (0x4)

.bss            0x20000064     0x5248 load address 0x0800bda0
                0x20000064                        _sbss = .
                0x20000064                        __bss_start__ = _sbss
 *(.bss)
 .bss           0x20000064       0x1c C:/ST/STM32CubeIDE_1.19.0/STM32CubeIDE/plugins/com.st.stm32cube.ide.mcu.externaltools.gnu-tools-for-stm32.13.3.rel1.win32_1.0.0.202411081344/tools/bin/../lib/gcc/arm-none-eabi/13.3.1/thumb/v7e-m+fp/hard/crtbegin.o
 *(.bss*)
 .bss.setup_time
                0x20000080       0x14 ./Application/User/Core/freertos.o
                0x20000080                setup_time
 .bss.current_mode
                0x20000094        0x1 ./Application/User/Core/freertos.o
                0x20000094                current_mode
 .bss.selected_time_field
                0x20000095        0x1 ./Application/User/Core/freertos.o
                0x20000095                selected_time_field
 .bss.selected_alarm_field
                0x20000096        0x1 ./Application/User/Core/freertos.o
                0x20000096                selected_alarm_field
 *fill*         0x20000097        0x1 
 .bss.alarm_triggered_flag
                0x20000098        0x4 ./Application/User/Core/freertos.o
                0x20000098                alarm_triggered_flag
 .bss.alarm_triggered_tick
                0x2000009c        0x4 ./Application/User/Core/freertos.o
                0x2000009c                alarm_triggered_tick
 .bss.time_set_done_flag
                0x200000a0        0x4 ./Application/User/Core/freertos.o
                0x200000a0                time_set_done_flag
 .bss.time_set_done_tick
                0x200000a4        0x4 ./Application/User/Core/freertos.o
                0x200000a4                time_set_done_tick
 .bss.time_restored_RTC_flag
                0x200000a8        0x4 ./Application/User/Core/freertos.o
                0x200000a8                time_restored_RTC_flag
 .bss.time_restored_RTC_tick
                0x200000ac        0x4 ./Application/User/Core/freertos.o
                0x200000ac                time_restored_RTC_tick
 .bss.time_restored_WIFI_flag
                0x200000b0        0x4 ./Application/User/Core/freertos.o
                0x200000b0                time_restored_WIFI_flag
 .bss.time_restored_WIFI_tick
                0x200000b4        0x4 ./Application/User/Core/freertos.o
                0x200000b4                time_restored_WIFI_tick
 .bss.time_sync_fail_flag
                0x200000b8        0x4 ./Application/User/Core/freertos.o
                0x200000b8                time_sync_fail_flag
 .bss.time_sync_fail_tick
                0x200000bc        0x4 ./Application/User/Core/freertos.o
                0x200000bc                time_sync_fail_tick
 .bss.alarm_triggered
                0x200000c0        0x1 ./Application/User/Core/freertos.o
                0x200000c0                alarm_triggered
 .bss.alarm_is_set
                0x200000c1        0x1 ./Application/User/Core/freertos.o
                0x200000c1                alarm_is_set
 .bss.date_display_enabled
                0x200000c2        0x1 ./Application/User/Core/freertos.o
                0x200000c2                date_display_enabled
 *fill*         0x200000c3        0x1 
 .bss.TimeTaskHandle
                0x200000c4        0x4 ./Application/User/Core/freertos.o
                0x200000c4                TimeTaskHandle
 .bss.AlarmTaskHandle
                0x200000c8        0x4 ./Application/User/Core/freertos.o
                0x200000c8                AlarmTaskHandle
 .bss.IRTaskHandle
                0x200000cc        0x4 ./Application/User/Core/freertos.o
                0x200000cc                IRTaskHandle
 .bss.UIStateTaskHandle
                0x200000d0        0x4 ./Application/User/Core/freertos.o
                0x200000d0                UIStateTaskHandle
 .bss.LCDTaskHandle
                0x200000d4        0x4 ./Application/User/Core/freertos.o
                0x200000d4                LCDTaskHandle
 .bss.NTPTaskHandle
                0x200000d8        0x4 ./Application/User/Core/freertos.o
                0x200000d8                NTPTaskHandle
 .bss.LCD_QueueHandle
                0x200000dc        0x4 ./Application/User/Core/freertos.o
                0x200000dc                LCD_QueueHandle
 .bss.LCDMutexHandle
                0x200000e0        0x4 ./Application/User/Core/freertos.o
                0x200000e0                LCDMutexHandle
 .bss.hi2c1     0x200000e4       0x54 ./Application/User/Core/i2c.o
                0x200000e4                hi2c1
 .bss.ir_data   0x20000138        0x4 ./Application/User/Core/main.o
                0x20000138                ir_data
 .bss.bit_cnt   0x2000013c        0x1 ./Application/User/Core/main.o
                0x2000013c                bit_cnt
 .bss.ir_key_ready
                0x2000013d        0x1 ./Application/User/Core/main.o
                0x2000013d                ir_key_ready
 .bss.receiving
                0x2000013e        0x1 ./Application/User/Core/main.o
                0x2000013e                receiving
 .bss.alarm_hour_input_idx
                0x2000013f        0x1 ./Application/User/Core/main.o
                0x2000013f                alarm_hour_input_idx
 .bss.alarm_min_input_idx
                0x20000140        0x1 ./Application/User/Core/main.o
                0x20000140                alarm_min_input_idx
 .bss.alarm_sec_input_idx
                0x20000141        0x1 ./Application/User/Core/main.o
                0x20000141                alarm_sec_input_idx
 *fill*         0x20000142        0x2 
 .bss.alarm_hour_digits
                0x20000144        0x2 ./Application/User/Core/main.o
                0x20000144                alarm_hour_digits
 *fill*         0x20000146        0x2 
 .bss.alarm_min_digits
                0x20000148        0x2 ./Application/User/Core/main.o
                0x20000148                alarm_min_digits
 *fill*         0x2000014a        0x2 
 .bss.alarm_sec_digits
                0x2000014c        0x2 ./Application/User/Core/main.o
                0x2000014c                alarm_sec_digits
 *fill*         0x2000014e        0x2 
 .bss.setup_hour_digits
                0x20000150        0x2 ./Application/User/Core/main.o
                0x20000150                setup_hour_digits
 *fill*         0x20000152        0x2 
 .bss.setup_min_digits
                0x20000154        0x2 ./Application/User/Core/main.o
                0x20000154                setup_min_digits
 *fill*         0x20000156        0x2 
 .bss.setup_sec_digits
                0x20000158        0x2 ./Application/User/Core/main.o
                0x20000158                setup_sec_digits
 .bss.setup_hour_input_idx
                0x2000015a        0x1 ./Application/User/Core/main.o
                0x2000015a                setup_hour_input_idx
 .bss.setup_min_input_idx
                0x2000015b        0x1 ./Application/User/Core/main.o
                0x2000015b                setup_min_input_idx
 .bss.setup_sec_input_idx
                0x2000015c        0x1 ./Application/User/Core/main.o
                0x2000015c                setup_sec_input_idx
 .bss.isWiFiready
                0x2000015d        0x1 ./Application/User/Core/main.o
                0x2000015d                isWiFiready
 *fill*         0x2000015e        0x2 
 .bss.WiFiTime  0x20000160       0x14 ./Application/User/Core/main.o
                0x20000160                WiFiTime
 .bss.WiFiDate  0x20000174        0x4 ./Application/User/Core/main.o
                0x20000174                WiFiDate
 .bss.huart_esp_module
                0x20000178        0x4 ./Application/User/Core/ntptimer.o
 .bss.huart_debug_module
                0x2000017c        0x4 ./Application/User/Core/ntptimer.o
 .bss.uart_esp_rx_data
                0x20000180        0x1 ./Application/User/Core/ntptimer.o
 .bss.uart_debug_rx_data
                0x20000181        0x1 ./Application/User/Core/ntptimer.o
 *fill*         0x20000182        0x2 
 .bss.esp_to_system_buffer
                0x20000184      0x104 ./Application/User/Core/ntptimer.o
 .bss.system_to_esp_buffer
                0x20000288      0x104 ./Application/User/Core/ntptimer.o
 .bss.ntp_wifi_state
                0x2000038c        0x1 ./Application/User/Core/ntptimer.o
 *fill*         0x2000038d        0x3 
 .bss.ntp_command_timer
                0x20000390        0x4 ./Application/User/Core/ntptimer.o
 .bss.ntp_retry_count
                0x20000394        0x1 ./Application/User/Core/ntptimer.o
 .bss.ntp_state_executed
                0x20000395        0x1 ./Application/User/Core/ntptimer.o
 *fill*         0x20000396        0x2 
 .bss.ntp_last_request_time
                0x20000398        0x4 ./Application/User/Core/ntptimer.o
 .bss.ntp_esp_response_buffer
                0x2000039c      0x200 ./Application/User/Core/ntptimer.o
 .bss.ntp_esp_response_index
                0x2000059c        0x2 ./Application/User/Core/ntptimer.o
 *fill*         0x2000059e        0x2 
 .bss.ntp_response_data
                0x200005a0       0x30 ./Application/User/Core/ntptimer.o
 .bss.ntp_data_received
                0x200005d0        0x1 ./Application/User/Core/ntptimer.o
 *fill*         0x200005d1        0x3 
 .bss.current_time_data
                0x200005d4       0x10 ./Application/User/Core/ntptimer.o
 .bss.ntp_sync_requested
                0x200005e4        0x1 ./Application/User/Core/ntptimer.o
 *fill*         0x200005e5        0x3 
 .bss.ntp_send_start_time
                0x200005e8        0x4 ./Application/User/Core/ntptimer.o
 .bss.NTP_MutexHandle
                0x200005ec        0x4 ./Application/User/Core/ntptimer.o
                0x200005ec                NTP_MutexHandle
 .bss.last_buffer_print.6
                0x200005f0        0x4 ./Application/User/Core/ntptimer.o
 .bss.debug_index.5
                0x200005f4        0x1 ./Application/User/Core/ntptimer.o
 *fill*         0x200005f5        0x3 
 .bss.debug_buffer.4
                0x200005f8       0x80 ./Application/User/Core/ntptimer.o
 .bss.ipd_detected.3
                0x20000678        0x1 ./Application/User/Core/ntptimer.o
 .bss.ipd_data_count.2
                0x20000679        0x1 ./Application/User/Core/ntptimer.o
 .bss.init_done.1
                0x2000067a        0x1 ./Application/User/Core/ntptimer.o
 .bss.last_state.0
                0x2000067b        0x1 ./Application/User/Core/ntptimer.o
 .bss.hrtc      0x2000067c       0x20 ./Application/User/Core/rtc.o
                0x2000067c                hrtc
 .bss.__sbrk_heap_end
                0x2000069c        0x4 ./Application/User/Core/sysmem.o
 .bss.htim2     0x200006a0       0x48 ./Application/User/Core/tim.o
                0x200006a0                htim2
 .bss.huart1    0x200006e8       0x48 ./Application/User/Core/usart.o
                0x200006e8                huart1
 .bss.huart2    0x20000730       0x48 ./Application/User/Core/usart.o
                0x20000730                huart2
 .bss.uwTick    0x20000778        0x4 ./Drivers/STM32F4xx_HAL_Driver/stm32f4xx_hal.o
                0x20000778                uwTick
 .bss.KernelState
                0x2000077c        0x4 ./Middlewares/FreeRTOS/cmsis_os2.o
 .bss.Idle_TCB.3
                0x20000780       0xa8 ./Middlewares/FreeRTOS/cmsis_os2.o
 .bss.Idle_Stack.2
                0x20000828      0x200 ./Middlewares/FreeRTOS/cmsis_os2.o
 .bss.Timer_TCB.1
                0x20000a28       0xa8 ./Middlewares/FreeRTOS/cmsis_os2.o
 .bss.Timer_Stack.0
                0x20000ad0      0x400 ./Middlewares/FreeRTOS/cmsis_os2.o
 .bss.ucHeap    0x20000ed0     0x3c00 ./Middlewares/FreeRTOS/heap_4.o
 .bss.xStart    0x20004ad0        0x8 ./Middlewares/FreeRTOS/heap_4.o
 .bss.pxEnd     0x20004ad8        0x4 ./Middlewares/FreeRTOS/heap_4.o
 .bss.xFreeBytesRemaining
                0x20004adc        0x4 ./Middlewares/FreeRTOS/heap_4.o
 .bss.xMinimumEverFreeBytesRemaining
                0x20004ae0        0x4 ./Middlewares/FreeRTOS/heap_4.o
 .bss.xNumberOfSuccessfulAllocations
                0x20004ae4        0x4 ./Middlewares/FreeRTOS/heap_4.o
 .bss.xNumberOfSuccessfulFrees
                0x20004ae8        0x4 ./Middlewares/FreeRTOS/heap_4.o
 .bss.xBlockAllocatedBit
                0x20004aec        0x4 ./Middlewares/FreeRTOS/heap_4.o
 .bss.ucMaxSysCallPriority
                0x20004af0        0x1 ./Middlewares/FreeRTOS/port.o
 *fill*         0x20004af1        0x3 
 .bss.ulMaxPRIGROUPValue
                0x20004af4        0x4 ./Middlewares/FreeRTOS/port.o
 .bss.xQueueRegistry
                0x20004af8       0x40 ./Middlewares/FreeRTOS/queue.o
                0x20004af8                xQueueRegistry
 .bss.pxCurrentTCB
                0x20004b38        0x4 ./Middlewares/FreeRTOS/tasks.o
                0x20004b38                pxCurrentTCB
 .bss.pxReadyTasksLists
                0x20004b3c      0x460 ./Middlewares/FreeRTOS/tasks.o
 .bss.xDelayedTaskList1
                0x20004f9c       0x14 ./Middlewares/FreeRTOS/tasks.o
 .bss.xDelayedTaskList2
                0x20004fb0       0x14 ./Middlewares/FreeRTOS/tasks.o
 .bss.pxDelayedTaskList
                0x20004fc4        0x4 ./Middlewares/FreeRTOS/tasks.o
 .bss.pxOverflowDelayedTaskList
                0x20004fc8        0x4 ./Middlewares/FreeRTOS/tasks.o
 .bss.xPendingReadyList
                0x20004fcc       0x14 ./Middlewares/FreeRTOS/tasks.o
 .bss.xTasksWaitingTermination
                0x20004fe0       0x14 ./Middlewares/FreeRTOS/tasks.o
 .bss.uxDeletedTasksWaitingCleanUp
                0x20004ff4        0x4 ./Middlewares/FreeRTOS/tasks.o
 .bss.xSuspendedTaskList
                0x20004ff8       0x14 ./Middlewares/FreeRTOS/tasks.o
 .bss.uxCurrentNumberOfTasks
                0x2000500c        0x4 ./Middlewares/FreeRTOS/tasks.o
 .bss.xTickCount
                0x20005010        0x4 ./Middlewares/FreeRTOS/tasks.o
 .bss.uxTopReadyPriority
                0x20005014        0x4 ./Middlewares/FreeRTOS/tasks.o
 .bss.xSchedulerRunning
                0x20005018        0x4 ./Middlewares/FreeRTOS/tasks.o
 .bss.xPendedTicks
                0x2000501c        0x4 ./Middlewares/FreeRTOS/tasks.o
 .bss.xYieldPending
                0x20005020        0x4 ./Middlewares/FreeRTOS/tasks.o
 .bss.xNumOfOverflows
                0x20005024        0x4 ./Middlewares/FreeRTOS/tasks.o
 .bss.uxTaskNumber
                0x20005028        0x4 ./Middlewares/FreeRTOS/tasks.o
 .bss.xNextTaskUnblockTime
                0x2000502c        0x4 ./Middlewares/FreeRTOS/tasks.o
 .bss.xIdleTaskHandle
                0x20005030        0x4 ./Middlewares/FreeRTOS/tasks.o
 .bss.uxSchedulerSuspended
                0x20005034        0x4 ./Middlewares/FreeRTOS/tasks.o
 .bss.xActiveTimerList1
                0x20005038       0x14 ./Middlewares/FreeRTOS/timers.o
 .bss.xActiveTimerList2
                0x2000504c       0x14 ./Middlewares/FreeRTOS/timers.o
 .bss.pxCurrentTimerList
                0x20005060        0x4 ./Middlewares/FreeRTOS/timers.o
 .bss.pxOverflowTimerList
                0x20005064        0x4 ./Middlewares/FreeRTOS/timers.o
 .bss.xTimerQueue
                0x20005068        0x4 ./Middlewares/FreeRTOS/timers.o
 .bss.xTimerTaskHandle
                0x2000506c        0x4 ./Middlewares/FreeRTOS/timers.o
 .bss.xLastTime.2
                0x20005070        0x4 ./Middlewares/FreeRTOS/timers.o
 .bss.ucStaticTimerQueueStorage.1
                0x20005074       0xa0 ./Middlewares/FreeRTOS/timers.o
 .bss.xStaticTimerQueue.0
                0x20005114       0x50 ./Middlewares/FreeRTOS/timers.o
 .bss.__sf      0x20005164      0x138 C:/ST/STM32CubeIDE_1.19.0/STM32CubeIDE/plugins/com.st.stm32cube.ide.mcu.externaltools.gnu-tools-for-stm32.13.3.rel1.win32_1.0.0.202411081344/tools/bin/../lib/gcc/arm-none-eabi/13.3.1/../../../../arm-none-eabi/lib/thumb/v7e-m+fp/hard\libc_nano.a(libc_a-findfp.o)
                0x20005164                __sf
 .bss.errno     0x2000529c        0x4 C:/ST/STM32CubeIDE_1.19.0/STM32CubeIDE/plugins/com.st.stm32cube.ide.mcu.externaltools.gnu-tools-for-stm32.13.3.rel1.win32_1.0.0.202411081344/tools/bin/../lib/gcc/arm-none-eabi/13.3.1/../../../../arm-none-eabi/lib/thumb/v7e-m+fp/hard\libc_nano.a(libc_a-reent.o)
                0x2000529c                errno
 .bss.__lock___malloc_recursive_mutex
                0x200052a0        0x1 C:/ST/STM32CubeIDE_1.19.0/STM32CubeIDE/plugins/com.st.stm32cube.ide.mcu.externaltools.gnu-tools-for-stm32.13.3.rel1.win32_1.0.0.202411081344/tools/bin/../lib/gcc/arm-none-eabi/13.3.1/../../../../arm-none-eabi/lib/thumb/v7e-m+fp/hard\libc_nano.a(libc_a-lock.o)
                0x200052a0                __lock___malloc_recursive_mutex
 *fill*         0x200052a1        0x3 
 .bss.__malloc_sbrk_start
                0x200052a4        0x4 C:/ST/STM32CubeIDE_1.19.0/STM32CubeIDE/plugins/com.st.stm32cube.ide.mcu.externaltools.gnu-tools-for-stm32.13.3.rel1.win32_1.0.0.202411081344/tools/bin/../lib/gcc/arm-none-eabi/13.3.1/../../../../arm-none-eabi/lib/thumb/v7e-m+fp/hard\libc_nano.a(libc_a-mallocr.o)
                0x200052a4                __malloc_sbrk_start
 .bss.__malloc_free_list
                0x200052a8        0x4 C:/ST/STM32CubeIDE_1.19.0/STM32CubeIDE/plugins/com.st.stm32cube.ide.mcu.externaltools.gnu-tools-for-stm32.13.3.rel1.win32_1.0.0.202411081344/tools/bin/../lib/gcc/arm-none-eabi/13.3.1/../../../../arm-none-eabi/lib/thumb/v7e-m+fp/hard\libc_nano.a(libc_a-mallocr.o)
                0x200052a8                __malloc_free_list
 *(COMMON)
                0x200052ac                        . = ALIGN (0x4)
                0x200052ac                        _ebss = .
                0x200052ac                        __bss_end__ = _ebss

._user_heap_stack
                0x200052ac      0x604 load address 0x0800bda0
                0x200052b0                        . = ALIGN (0x8)
 *fill*         0x200052ac        0x4 
                [!provide]                        PROVIDE (end = .)
                0x200052b0                        PROVIDE (_end = .)
                0x200054b0                        . = (. + _Min_Heap_Size)
 *fill*         0x200052b0      0x200 
                0x200058b0                        . = (. + _Min_Stack_Size)
 *fill*         0x200054b0      0x400 
                0x200058b0                        . = ALIGN (0x8)

/DISCARD/
 libc.a(*)
 libm.a(*)
 libgcc.a(*)

.ARM.attributes
                0x00000000       0x30
 *(.ARM.attributes)
 .ARM.attributes
                0x00000000       0x22 C:/ST/STM32CubeIDE_1.19.0/STM32CubeIDE/plugins/com.st.stm32cube.ide.mcu.externaltools.gnu-tools-for-stm32.13.3.rel1.win32_1.0.0.202411081344/tools/bin/../lib/gcc/arm-none-eabi/13.3.1/thumb/v7e-m+fp/hard/crti.o
 .ARM.attributes
                0x00000022       0x34 C:/ST/STM32CubeIDE_1.19.0/STM32CubeIDE/plugins/com.st.stm32cube.ide.mcu.externaltools.gnu-tools-for-stm32.13.3.rel1.win32_1.0.0.202411081344/tools/bin/../lib/gcc/arm-none-eabi/13.3.1/thumb/v7e-m+fp/hard/crtbegin.o
 .ARM.attributes
                0x00000056       0x34 ./Application/User/Core/ds1302.o
 .ARM.attributes
                0x0000008a       0x34 ./Application/User/Core/freertos.o
 .ARM.attributes
                0x000000be       0x34 ./Application/User/Core/gpio.o
 .ARM.attributes
                0x000000f2       0x34 ./Application/User/Core/i2c.o
 .ARM.attributes
                0x00000126       0x34 ./Application/User/Core/ir_decode.o
 .ARM.attributes
                0x0000015a       0x34 ./Application/User/Core/lcd.o
 .ARM.attributes
                0x0000018e       0x34 ./Application/User/Core/main.o
 .ARM.attributes
                0x000001c2       0x34 ./Application/User/Core/ntptimer.o
 .ARM.attributes
                0x000001f6       0x34 ./Application/User/Core/rtc.o
 .ARM.attributes
                0x0000022a       0x34 ./Application/User/Core/stm32f4xx_hal_msp.o
 .ARM.attributes
                0x0000025e       0x34 ./Application/User/Core/stm32f4xx_it.o
 .ARM.attributes
                0x00000292       0x34 ./Application/User/Core/sysmem.o
 .ARM.attributes
                0x000002c6       0x34 ./Application/User/Core/tim.o
 .ARM.attributes
                0x000002fa       0x34 ./Application/User/Core/usart.o
 .ARM.attributes
                0x0000032e       0x21 ./Application/User/Startup/startup_stm32f411retx.o
 .ARM.attributes
                0x0000034f       0x34 ./Drivers/CMSIS/system_stm32f4xx.o
 .ARM.attributes
                0x00000383       0x34 ./Drivers/STM32F4xx_HAL_Driver/stm32f4xx_hal.o
 .ARM.attributes
                0x000003b7       0x34 ./Drivers/STM32F4xx_HAL_Driver/stm32f4xx_hal_cortex.o
 .ARM.attributes
                0x000003eb       0x34 ./Drivers/STM32F4xx_HAL_Driver/stm32f4xx_hal_dma.o
 .ARM.attributes
                0x0000041f       0x34 ./Drivers/STM32F4xx_HAL_Driver/stm32f4xx_hal_gpio.o
 .ARM.attributes
                0x00000453       0x34 ./Drivers/STM32F4xx_HAL_Driver/stm32f4xx_hal_i2c.o
 .ARM.attributes
                0x00000487       0x34 ./Drivers/STM32F4xx_HAL_Driver/stm32f4xx_hal_rcc.o
 .ARM.attributes
                0x000004bb       0x34 ./Drivers/STM32F4xx_HAL_Driver/stm32f4xx_hal_rcc_ex.o
 .ARM.attributes
                0x000004ef       0x34 ./Drivers/STM32F4xx_HAL_Driver/stm32f4xx_hal_rtc.o
 .ARM.attributes
                0x00000523       0x34 ./Drivers/STM32F4xx_HAL_Driver/stm32f4xx_hal_tim.o
 .ARM.attributes
                0x00000557       0x34 ./Drivers/STM32F4xx_HAL_Driver/stm32f4xx_hal_tim_ex.o
 .ARM.attributes
                0x0000058b       0x34 ./Drivers/STM32F4xx_HAL_Driver/stm32f4xx_hal_uart.o
 .ARM.attributes
                0x000005bf       0x34 ./Middlewares/FreeRTOS/cmsis_os2.o
 .ARM.attributes
                0x000005f3       0x34 ./Middlewares/FreeRTOS/heap_4.o
 .ARM.attributes
                0x00000627       0x34 ./Middlewares/FreeRTOS/list.o
 .ARM.attributes
                0x0000065b       0x34 ./Middlewares/FreeRTOS/port.o
 .ARM.attributes
                0x0000068f       0x34 ./Middlewares/FreeRTOS/queue.o
 .ARM.attributes
                0x000006c3       0x34 ./Middlewares/FreeRTOS/tasks.o
 .ARM.attributes
                0x000006f7       0x34 ./Middlewares/FreeRTOS/timers.o
 .ARM.attributes
                0x0000072b       0x34 C:/ST/STM32CubeIDE_1.19.0/STM32CubeIDE/plugins/com.st.stm32cube.ide.mcu.externaltools.gnu-tools-for-stm32.13.3.rel1.win32_1.0.0.202411081344/tools/bin/../lib/gcc/arm-none-eabi/13.3.1/../../../../arm-none-eabi/lib/thumb/v7e-m+fp/hard\libc_nano.a(libc_a-findfp.o)
 .ARM.attributes
                0x0000075f       0x34 C:/ST/STM32CubeIDE_1.19.0/STM32CubeIDE/plugins/com.st.stm32cube.ide.mcu.externaltools.gnu-tools-for-stm32.13.3.rel1.win32_1.0.0.202411081344/tools/bin/../lib/gcc/arm-none-eabi/13.3.1/../../../../arm-none-eabi/lib/thumb/v7e-m+fp/hard\libc_nano.a(libc_a-snprintf.o)
 .ARM.attributes
                0x00000793       0x34 C:/ST/STM32CubeIDE_1.19.0/STM32CubeIDE/plugins/com.st.stm32cube.ide.mcu.externaltools.gnu-tools-for-stm32.13.3.rel1.win32_1.0.0.202411081344/tools/bin/../lib/gcc/arm-none-eabi/13.3.1/../../../../arm-none-eabi/lib/thumb/v7e-m+fp/hard\libc_nano.a(libc_a-sprintf.o)
 .ARM.attributes
                0x000007c7       0x34 C:/ST/STM32CubeIDE_1.19.0/STM32CubeIDE/plugins/com.st.stm32cube.ide.mcu.externaltools.gnu-tools-for-stm32.13.3.rel1.win32_1.0.0.202411081344/tools/bin/../lib/gcc/arm-none-eabi/13.3.1/../../../../arm-none-eabi/lib/thumb/v7e-m+fp/hard\libc_nano.a(libc_a-memmove.o)
 .ARM.attributes
                0x000007fb       0x34 C:/ST/STM32CubeIDE_1.19.0/STM32CubeIDE/plugins/com.st.stm32cube.ide.mcu.externaltools.gnu-tools-for-stm32.13.3.rel1.win32_1.0.0.202411081344/tools/bin/../lib/gcc/arm-none-eabi/13.3.1/../../../../arm-none-eabi/lib/thumb/v7e-m+fp/hard\libc_nano.a(libc_a-memset.o)
 .ARM.attributes
                0x0000082f       0x34 C:/ST/STM32CubeIDE_1.19.0/STM32CubeIDE/plugins/com.st.stm32cube.ide.mcu.externaltools.gnu-tools-for-stm32.13.3.rel1.win32_1.0.0.202411081344/tools/bin/../lib/gcc/arm-none-eabi/13.3.1/../../../../arm-none-eabi/lib/thumb/v7e-m+fp/hard\libc_nano.a(libc_a-strstr.o)
 .ARM.attributes
                0x00000863       0x34 C:/ST/STM32CubeIDE_1.19.0/STM32CubeIDE/plugins/com.st.stm32cube.ide.mcu.externaltools.gnu-tools-for-stm32.13.3.rel1.win32_1.0.0.202411081344/tools/bin/../lib/gcc/arm-none-eabi/13.3.1/../../../../arm-none-eabi/lib/thumb/v7e-m+fp/hard\libc_nano.a(libc_a-reent.o)
 .ARM.attributes
                0x00000897       0x34 C:/ST/STM32CubeIDE_1.19.0/STM32CubeIDE/plugins/com.st.stm32cube.ide.mcu.externaltools.gnu-tools-for-stm32.13.3.rel1.win32_1.0.0.202411081344/tools/bin/../lib/gcc/arm-none-eabi/13.3.1/../../../../arm-none-eabi/lib/thumb/v7e-m+fp/hard\libc_nano.a(libc_a-impure.o)
 .ARM.attributes
                0x000008cb       0x34 C:/ST/STM32CubeIDE_1.19.0/STM32CubeIDE/plugins/com.st.stm32cube.ide.mcu.externaltools.gnu-tools-for-stm32.13.3.rel1.win32_1.0.0.202411081344/tools/bin/../lib/gcc/arm-none-eabi/13.3.1/../../../../arm-none-eabi/lib/thumb/v7e-m+fp/hard\libc_nano.a(libc_a-errno.o)
 .ARM.attributes
                0x000008ff       0x34 C:/ST/STM32CubeIDE_1.19.0/STM32CubeIDE/plugins/com.st.stm32cube.ide.mcu.externaltools.gnu-tools-for-stm32.13.3.rel1.win32_1.0.0.202411081344/tools/bin/../lib/gcc/arm-none-eabi/13.3.1/../../../../arm-none-eabi/lib/thumb/v7e-m+fp/hard\libc_nano.a(libc_a-init.o)
 .ARM.attributes
                0x00000933       0x34 C:/ST/STM32CubeIDE_1.19.0/STM32CubeIDE/plugins/com.st.stm32cube.ide.mcu.externaltools.gnu-tools-for-stm32.13.3.rel1.win32_1.0.0.202411081344/tools/bin/../lib/gcc/arm-none-eabi/13.3.1/../../../../arm-none-eabi/lib/thumb/v7e-m+fp/hard\libc_nano.a(libc_a-lock.o)
 .ARM.attributes
                0x00000967       0x34 C:/ST/STM32CubeIDE_1.19.0/STM32CubeIDE/plugins/com.st.stm32cube.ide.mcu.externaltools.gnu-tools-for-stm32.13.3.rel1.win32_1.0.0.202411081344/tools/bin/../lib/gcc/arm-none-eabi/13.3.1/../../../../arm-none-eabi/lib/thumb/v7e-m+fp/hard\libc_nano.a(libc_a-memcpy-stub.o)
 .ARM.attributes