C:/Users/kim20/Desktop/MiniProject발표자료/MiniProject/Core/Src/main.c:106:5:main	8	static
C:/Users/kim20/Desktop/MiniProject발표자료/MiniProject/Core/Src/main.c:172:6:SystemClock_Config	88	static
C:/Users/kim20/Desktop/MiniProject발표자료/MiniProject/Core/Src/main.c:216:6:HAL_GPIO_EXTI_Callback	24	static
C:/Users/kim20/Desktop/MiniProject발표자료/MiniProject/Core/Src/main.c:230:6:HAL_UART_RxCpltCallback	16	static
C:/Users/kim20/Desktop/MiniProject발표자료/MiniProject/Core/Src/main.c:241:6:Error_Handler	4	static,ignoring_inline_asm
